   1               		.file	"app.c"
   2               	__SREG__ = 0x3f
   3               	__SP_H__ = 0x3e
   4               	__SP_L__ = 0x3d
   5               	__CCP__  = 0x34
   6               	__tmp_reg__ = 0
   7               	__zero_reg__ = 1
  15               	.Ltext0:
  16               	.global	App_Main_Loop
  18               	App_Main_Loop:
  19               	.LFB7:
  20               	.LM1:
  21               	/* prologue: function */
  22               	/* frame size = 0 */
  23               	/* epilogue start */
  24               	.LM2:
  25 0000 0895      		ret
  26               	.LFE7:
  28               	.global	App_Setup
  30               	App_Setup:
  31               	.LFB6:
  32               	.LM3:
  33               	/* prologue: function */
  34               	/* frame size = 0 */
  35               	.LM4:
  36 0002 60E0      		ldi r22,lo8(38400)
  37 0004 76E9      		ldi r23,hi8(38400)
  38 0006 80E0      		ldi r24,hlo8(38400)
  39 0008 90E0      		ldi r25,hhi8(38400)
  40 000a 0E94 0000 		call Debug_Init
  41               	.LM5:
  42 000e 0E94 0000 		call GPIO_Init
  43               	.LM6:
  44               	/* #APP */
  45               	 ;  19 "app.c" 1
  46 0012 F894      		cli
  47               	 ;  0 "" 2
  48               	.LM7:
  49               	/* #NOAPP */
  50 0014 80E0      		ldi r24,lo8(0)
  51 0016 60E0      		ldi r22,lo8(gs(task0))
  52 0018 70E0      		ldi r23,hi8(gs(task0))
  53 001a 0E94 0000 		call init_task
  54               	.LM8:
  55 001e 81E0      		ldi r24,lo8(1)
  56 0020 60E0      		ldi r22,lo8(gs(task1))
  57 0022 70E0      		ldi r23,hi8(gs(task1))
  58 0024 0E94 0000 		call init_task
  59               	.LM9:
  60 0028 0E94 0000 		call init_main_task
  61               	.LM10:
  62               	/* #APP */
  63               	 ;  26 "app.c" 1
  64 002c 7894      		sei
  65               	 ;  0 "" 2
  66               	.LM11:
  67               	/* #NOAPP */
  68 002e 0E94 0000 		call Context_Restore
  69               	/* epilogue start */
  70               	.LM12:
  71 0032 0895      		ret
  72               	.LFE6:
 106               	.Letext0:
DEFINED SYMBOLS
                            *ABS*:00000000 app.c
C:\Users\farid\AppData\Local\Temp/ccCGQmfy.s:2      *ABS*:0000003f __SREG__
C:\Users\farid\AppData\Local\Temp/ccCGQmfy.s:3      *ABS*:0000003e __SP_H__
C:\Users\farid\AppData\Local\Temp/ccCGQmfy.s:4      *ABS*:0000003d __SP_L__
C:\Users\farid\AppData\Local\Temp/ccCGQmfy.s:5      *ABS*:00000034 __CCP__
C:\Users\farid\AppData\Local\Temp/ccCGQmfy.s:6      *ABS*:00000000 __tmp_reg__
C:\Users\farid\AppData\Local\Temp/ccCGQmfy.s:7      *ABS*:00000001 __zero_reg__
C:\Users\farid\AppData\Local\Temp/ccCGQmfy.s:18     .text:00000000 App_Main_Loop
C:\Users\farid\AppData\Local\Temp/ccCGQmfy.s:30     .text:00000002 App_Setup

UNDEFINED SYMBOLS
Debug_Init
GPIO_Init
task0
init_task
task1
init_main_task
Context_Restore
