   1               		.file	"context.c"
   2               	__SREG__ = 0x3f
   3               	__SP_H__ = 0x3e
   4               	__SP_L__ = 0x3d
   5               	__CCP__  = 0x34
   6               	__tmp_reg__ = 0
   7               	__zero_reg__ = 1
  15               	.Ltext0:
  16               	.global	Context_Save
  18               	Context_Save:
  19               	.LFB6:
  20               	.LM1:
  21               	/* prologue: function */
  22               	/* frame size = 0 */
  23               	.LM2:
  24               	/* #APP */
  25               	 ;  9 "context.c" 1
  26 0000 0F92      		push r0             
  27 0002 0FB6      		in   r0, __SREG__   
  28 0004 0F92      		push r0             
  29 0006 1F92      		push r1             
  30 0008 1124      		clr  r1             
  31 000a 2F92      		push r2             
  32 000c 3F92      		push r3             
  33 000e 4F92      		push r4             
  34 0010 5F92      		push r5             
  35 0012 6F92      		push r6             
  36 0014 7F92      		push r7             
  37 0016 8F92      		push r8             
  38 0018 9F92      		push r9             
  39 001a AF92      		push r10            
  40 001c BF92      		push r11            
  41 001e CF92      		push r12            
  42 0020 DF92      		push r13            
  43 0022 EF92      		push r14            
  44 0024 FF92      		push r15            
  45 0026 0F93      		push r16            
  46 0028 1F93      		push r17            
  47 002a 2F93      		push r18            
  48 002c 3F93      		push r19            
  49 002e 4F93      		push r20            
  50 0030 5F93      		push r21            
  51 0032 6F93      		push r22            
  52 0034 7F93      		push r23            
  53 0036 8F93      		push r24            
  54 0038 9F93      		push r25            
  55 003a AF93      		push r26            
  56 003c BF93      		push r27            
  57 003e CF93      		push r28            
  58 0040 DF93      		push r29            
  59 0042 EF93      		push r30            
  60 0044 FF93      		push r31            
  61               		
  62               	 ;  0 "" 2
  63               	/* epilogue start */
  64               	.LM3:
  65               	/* #NOAPP */
  66 0046 0895      		ret
  67               	.LFE6:
  69               	.global	Context_Restore
  71               	Context_Restore:
  72               	.LFB7:
  73               	.LM4:
  74               	/* prologue: function */
  75               	/* frame size = 0 */
  76               	.LM5:
  77               	/* #APP */
  78               	 ;  52 "context.c" 1
  79 0048 FF91      		pop  r31            
  80 004a EF91      		pop  r30            
  81 004c DF91      		pop  r29            
  82 004e CF91      		pop  r28            
  83 0050 BF91      		pop  r27            
  84 0052 AF91      		pop  r26            
  85 0054 9F91      		pop  r25            
  86 0056 8F91      		pop  r24            
  87 0058 7F91      		pop  r23            
  88 005a 6F91      		pop  r22            
  89 005c 5F91      		pop  r21            
  90 005e 4F91      		pop  r20            
  91 0060 3F91      		pop  r19            
  92 0062 2F91      		pop  r18            
  93 0064 1F91      		pop  r17            
  94 0066 0F91      		pop  r16            
  95 0068 FF90      		pop  r15            
  96 006a EF90      		pop  r14            
  97 006c DF90      		pop  r13            
  98 006e CF90      		pop  r12            
  99 0070 BF90      		pop  r11            
 100 0072 AF90      		pop  r10            
 101 0074 9F90      		pop  r9             
 102 0076 8F90      		pop  r8             
 103 0078 7F90      		pop  r7             
 104 007a 6F90      		pop  r6             
 105 007c 5F90      		pop  r5             
 106 007e 4F90      		pop  r4             
 107 0080 3F90      		pop  r3             
 108 0082 2F90      		pop  r2             
 109 0084 1F90      		pop  r1             
 110 0086 0F90      		pop  r0             
 111 0088 0FBE      		out  __SREG__, r0   
 112 008a 0F90      		pop  r0             
 113 008c 1895      		reti                
 114               		
 115               	 ;  0 "" 2
 116               	/* epilogue start */
 117               	.LM6:
 118               	/* #NOAPP */
 119 008e 0895      		ret
 120               	.LFE7:
 154               	.Letext0:
DEFINED SYMBOLS
                            *ABS*:00000000 context.c
C:\Users\WALTON\AppData\Local\Temp/ccvrdyUZ.s:2      *ABS*:0000003f __SREG__
C:\Users\WALTON\AppData\Local\Temp/ccvrdyUZ.s:3      *ABS*:0000003e __SP_H__
C:\Users\WALTON\AppData\Local\Temp/ccvrdyUZ.s:4      *ABS*:0000003d __SP_L__
C:\Users\WALTON\AppData\Local\Temp/ccvrdyUZ.s:5      *ABS*:00000034 __CCP__
C:\Users\WALTON\AppData\Local\Temp/ccvrdyUZ.s:6      *ABS*:00000000 __tmp_reg__
C:\Users\WALTON\AppData\Local\Temp/ccvrdyUZ.s:7      *ABS*:00000001 __zero_reg__
C:\Users\WALTON\AppData\Local\Temp/ccvrdyUZ.s:18     .text:00000000 Context_Save
C:\Users\WALTON\AppData\Local\Temp/ccvrdyUZ.s:71     .text:00000048 Context_Restore

NO UNDEFINED SYMBOLS
