Archive member included because of file (symbol)

c:/winavr-20100110/bin/../lib/gcc/avr/4.3.3/avr5\libgcc.a(_udivmodsi4.o)
                              debug.o (__udivmodsi4)
c:/winavr-20100110/bin/../lib/gcc/avr/4.3.3/avr5\libgcc.a(_divmodsi4.o)
                              systick.o (__divmodsi4)
c:/winavr-20100110/bin/../lib/gcc/avr/4.3.3/avr5\libgcc.a(_exit.o)
                              c:/winavr-20100110/bin/../lib/gcc/avr/4.3.3/../../../../avr/lib/avr5/crtm328p.o (exit)
c:/winavr-20100110/bin/../lib/gcc/avr/4.3.3/avr5\libgcc.a(_copy_data.o)
                              systick.o (__do_copy_data)
c:/winavr-20100110/bin/../lib/gcc/avr/4.3.3/avr5\libgcc.a(_clear_bss.o)
                              systick.o (__do_clear_bss)
c:/winavr-20100110/bin/../lib/gcc/avr/4.3.3/avr5\libgcc.a(_lshrdi3.o)
                              debug.o (__lshrdi3)

Allocating common symbols
Common symbol       size              file

SysTick             0x6               systick.o

Memory Configuration

Name             Origin             Length             Attributes
text             0x00000000         0x00020000         xr
data             0x00800060         0x0000ffa0         rw !x
eeprom           0x00810000         0x00010000         rw !x
fuse             0x00820000         0x00000400         rw !x
lock             0x00830000         0x00000400         rw !x
signature        0x00840000         0x00000400         rw !x
*default*        0x00000000         0xffffffff

Linker script and memory map

Address of section .data set to 0x800100
LOAD c:/winavr-20100110/bin/../lib/gcc/avr/4.3.3/../../../../avr/lib/avr5/crtm328p.o
LOAD main.o
LOAD systick.o
LOAD app.o
LOAD debug.o
LOAD gpio.o
LOAD tasks.o
LOAD states.o
LOAD context.o
LOAD c:/winavr-20100110/bin/../lib/gcc/avr/4.3.3/../../../../avr/lib/avr5\libm.a
LOAD c:/winavr-20100110/bin/../lib/gcc/avr/4.3.3/avr5\libgcc.a
LOAD c:/winavr-20100110/bin/../lib/gcc/avr/4.3.3/../../../../avr/lib/avr5\libc.a
LOAD c:/winavr-20100110/bin/../lib/gcc/avr/4.3.3/avr5\libgcc.a

.hash
 *(.hash)

.dynsym
 *(.dynsym)

.dynstr
 *(.dynstr)

.gnu.version
 *(.gnu.version)

.gnu.version_d
 *(.gnu.version_d)

.gnu.version_r
 *(.gnu.version_r)

.rel.init
 *(.rel.init)

.rela.init
 *(.rela.init)

.rel.text
 *(.rel.text)
 *(.rel.text.*)
 *(.rel.gnu.linkonce.t*)

.rela.text
 *(.rela.text)
 *(.rela.text.*)
 *(.rela.gnu.linkonce.t*)

.rel.fini
 *(.rel.fini)

.rela.fini
 *(.rela.fini)

.rel.rodata
 *(.rel.rodata)
 *(.rel.rodata.*)
 *(.rel.gnu.linkonce.r*)

.rela.rodata
 *(.rela.rodata)
 *(.rela.rodata.*)
 *(.rela.gnu.linkonce.r*)

.rel.data
 *(.rel.data)
 *(.rel.data.*)
 *(.rel.gnu.linkonce.d*)

.rela.data
 *(.rela.data)
 *(.rela.data.*)
 *(.rela.gnu.linkonce.d*)

.rel.ctors
 *(.rel.ctors)

.rela.ctors
 *(.rela.ctors)

.rel.dtors
 *(.rel.dtors)

.rela.dtors
 *(.rela.dtors)

.rel.got
 *(.rel.got)

.rela.got
 *(.rela.got)

.rel.bss
 *(.rel.bss)

.rela.bss
 *(.rela.bss)

.rel.plt
 *(.rel.plt)

.rela.plt
 *(.rela.plt)

.text           0x00000000     0x11ac
 *(.vectors)
 .vectors       0x00000000       0x68 c:/winavr-20100110/bin/../lib/gcc/avr/4.3.3/../../../../avr/lib/avr5/crtm328p.o
                0x00000000                __vectors
                0x00000000                __vector_default
 *(.vectors)
 *(.progmem.gcc*)
 *(.progmem*)
                0x00000068                . = ALIGN (0x2)
                0x00000068                __trampolines_start = .
 *(.trampolines)
 .trampolines   0x00000068        0x0 linker stubs
 *(.trampolines*)
                0x00000068                __trampolines_end = .
 *(.jumptables)
 *(.jumptables*)
 *(.lowtext)
 *(.lowtext*)
                0x00000068                __ctors_start = .
 *(.ctors)
                0x00000068                __ctors_end = .
                0x00000068                __dtors_start = .
 *(.dtors)
                0x00000068                __dtors_end = .
 SORT(*)(.ctors)
 SORT(*)(.dtors)
 *(.init0)
 .init0         0x00000068        0x0 c:/winavr-20100110/bin/../lib/gcc/avr/4.3.3/../../../../avr/lib/avr5/crtm328p.o
                0x00000068                __init
 *(.init0)
 *(.init1)
 *(.init1)
 *(.init2)
 .init2         0x00000068        0xc c:/winavr-20100110/bin/../lib/gcc/avr/4.3.3/../../../../avr/lib/avr5/crtm328p.o
 *(.init2)
 *(.init3)
 *(.init3)
 *(.init4)
 .init4         0x00000074       0x16 c:/winavr-20100110/bin/../lib/gcc/avr/4.3.3/avr5\libgcc.a(_copy_data.o)
                0x00000074                __do_copy_data
 .init4         0x0000008a       0x10 c:/winavr-20100110/bin/../lib/gcc/avr/4.3.3/avr5\libgcc.a(_clear_bss.o)
                0x0000008a                __do_clear_bss
 *(.init4)
 *(.init5)
 *(.init5)
 *(.init6)
 *(.init6)
 *(.init7)
 *(.init7)
 *(.init8)
 *(.init8)
 *(.init9)
 .init9         0x0000009a        0x8 c:/winavr-20100110/bin/../lib/gcc/avr/4.3.3/../../../../avr/lib/avr5/crtm328p.o
 *(.init9)
 *(.text)
 .text          0x000000a2        0x4 c:/winavr-20100110/bin/../lib/gcc/avr/4.3.3/../../../../avr/lib/avr5/crtm328p.o
                0x000000a2                __vector_22
                0x000000a2                __vector_1
                0x000000a2                __vector_24
                0x000000a2                __vector_12
                0x000000a2                __bad_interrupt
                0x000000a2                __vector_6
                0x000000a2                __vector_3
                0x000000a2                __vector_23
                0x000000a2                __vector_25
                0x000000a2                __vector_11
                0x000000a2                __vector_13
                0x000000a2                __vector_17
                0x000000a2                __vector_19
                0x000000a2                __vector_7
                0x000000a2                __vector_5
                0x000000a2                __vector_4
                0x000000a2                __vector_9
                0x000000a2                __vector_2
                0x000000a2                __vector_21
                0x000000a2                __vector_15
                0x000000a2                __vector_8
                0x000000a2                __vector_14
                0x000000a2                __vector_10
                0x000000a2                __vector_20
 .text          0x000000a6       0x12 main.o
                0x000000a6                main
 .text          0x000000b8      0x1b6 systick.o
                0x00000216                SysTick_ISR_Executables
                0x000001f8                SysTick_Init
                0x000000d2                SysTick_Reg_Init
                0x000000b8                SysTick_Struct_Init
                0x0000021c                __vector_16
 .text          0x0000026e       0x96 app.o
                0x0000026e                App_Main_Loop
                0x0000028a                App_Setup
 .text          0x00000304      0xc06 debug.o
                0x000003d6                Debug_Config_Rx_Interrupt
                0x00000372                Debug_Config_GPIO
                0x0000088e                Debug_Tx_Number_CM
                0x000005c4                Debug_Tx_Number_Hex_Raw
                0x000003e4                Debug_Clear_Interrupt_Flag
                0x00000d5e                Debug_CRC_Calculate_Block
                0x00000416                Debug_Timer_Init
                0x0000087a                Debug_Tx_Number_SP
                0x000003e6                Debug_Tx_Byte
                0x000004b8                Debug_Tx_Text_NL
                0x00000c58                Debug_Error_Code_Get
                0x000003aa                Debug_Config_Tx
                0x00000bbc                Debug_Data_Len_Get
                0x00000bb6                Debug_Data_Available
                0x00000422                Debug_Timer_Get_Val
                0x000003c0                Debug_Config_Rx
                0x00000486                Debug_Tx_CM
                0x00000936                Debug_Tx_Parameter_SP
                0x00000e06                Debug_RX_Packet_Read_Complete
                0x00000bfa                Debug_Data_Copy_Buf
                0x00000c6e                Debug_ISR_Handler
                0x0000041c                Debug_Timer_Get_Status
                0x0000084a                Debug_Tx_Number_Bin
                0x00000592                Debug_Tx_Number
                0x00000d32                Debug_CRC_Calculate_Byte
                0x000009e8                Debug_Tx_Parameter_Hex_SP
                0x00000ade                Debug_Tx_Parameter_Bin_SP
                0x00000e88                Debug_Init
                0x000004ea                Debug_Determine_Digit_Numbers
                0x00000bd4                Debug_Data_Received_CRC_Get
                0x00000baa                Debug_Buf_Get_Index
                0x000003f4                Debug_Rx_Byte
                0x00000b82                Debug_Buf_Flush
                0x00000352                Debug_RX_Packet_Struct_Init
                0x00000b30                Debug_Tx_Parameter_Bin_CM
                0x000004c2                Debug_Tx_Text_SP
                0x00000304                Debug_Struct_Init
                0x00000be0                Debug_Data_CRC_Status_Get
                0x0000042a                Debug_Timer_Clear_Interrupt_Flag
                0x00000c5e                Debug_Error_Code_Clear
                0x00000906                Debug_Tx_Parameter_NL
                0x0000071c                Debug_Tx_Number_Hex
                0x000008de                Debug_Tx_Number_Bin_SP
                0x000004d6                Debug_Tx_Text_CM
                0x00000bf2                Debug_Data_Clear_Read_Complete_Flag
                0x00000568                Debug_Tx_Number_Digits
                0x000008ac                Debug_Tx_Number_Hex_SP
                0x00000870                Debug_Tx_Number_NL
                0x00000e04                Debug_RX_Packet_Disassemble
                0x00000380                Debug_Config_BAUD_Rate
                0x00000e32                Debug_Timer_ISR_Handler
                0x00000be6                Debug_Data_Read_Complete_Status
                0x00000ba0                Debug_Buf_Get
                0x00000d8e                Debug_RX_Packet_CRC_Check
                0x00000418                Debug_Timer_Enable
                0x000008c0                Debug_Tx_Number_Hex_CM
                0x000008f2                Debug_Tx_Number_Bin_CM
                0x00000996                Debug_Tx_Parameter_Hex_NL
                0x00000428                Debug_Timer_Value_Reset
                0x00000bc8                Debug_Data_Calculated_CRC_Get
                0x00000bec                Debug_Data_Clear_Available_Flag
                0x0000042c                Debug_Tx_Buf
                0x00000496                Debug_Tx_Text
                0x000008d4                Debug_Tx_Number_Bin_NL
                0x000008a2                Debug_Tx_Number_Hex_NL
                0x00000a8c                Debug_Tx_Parameter_Bin_NL
                0x00000966                Debug_Tx_Parameter_CM
                0x00000c26                Debug_Data_Print_Buf
                0x00000458                Debug_Tx_NL
                0x00000c64                Debug_Sticky_Error_Code_Get
                0x00000374                Debug_Config_Clock
                0x0000041a                Debug_Timer_Disable
                0x00000a3a                Debug_Tx_Parameter_Hex_CM
                0x00000476                Debug_Tx_SP
                0x00000742                Debug_Tx_Number_Bin_Raw
                0x00000cea                __vector_18
                0x0000040c                Debug_Timer_Struct_Init
 .text          0x00000f0a       0x96 gpio.o
                0x00000f82                GPIO4_Set
                0x00000f6a                GPIO3_Set
                0x00000f5e                GPIO2_Toggle
                0x00000f0a                GPIO_Struct_Init
                0x00000f46                GPIO1_Toggle
                0x00000f9a                GPIO_Init
                0x00000f3a                GPIO1_Set
                0x00000f76                GPIO3_Toggle
                0x00000f0c                GPIO_Reg_Init
                0x00000f52                GPIO2_Set
                0x00000f2e                GPIO0_Toggle
                0x00000f8e                GPIO4_Toggle
                0x00000f22                GPIO0_Set
 .text          0x00000fa0        0x0 tasks.o
 .text          0x00000fa0        0x0 states.o
 .text          0x00000fa0       0x90 context.o
                0x00000fa0                Context_Save
                0x00000fe8                Context_Restore
 .text          0x00001030        0x0 c:/winavr-20100110/bin/../lib/gcc/avr/4.3.3/avr5\libgcc.a(_udivmodsi4.o)
 .text          0x00001030        0x0 c:/winavr-20100110/bin/../lib/gcc/avr/4.3.3/avr5\libgcc.a(_divmodsi4.o)
 .text          0x00001030        0x0 c:/winavr-20100110/bin/../lib/gcc/avr/4.3.3/avr5\libgcc.a(_exit.o)
 .text          0x00001030        0x0 c:/winavr-20100110/bin/../lib/gcc/avr/4.3.3/avr5\libgcc.a(_copy_data.o)
 .text          0x00001030        0x0 c:/winavr-20100110/bin/../lib/gcc/avr/4.3.3/avr5\libgcc.a(_clear_bss.o)
 .text          0x00001030       0xfe c:/winavr-20100110/bin/../lib/gcc/avr/4.3.3/avr5\libgcc.a(_lshrdi3.o)
                0x00001030                __lshrdi3
                0x0000112e                . = ALIGN (0x2)
 *(.text.*)
 .text.libgcc   0x0000112e       0x44 c:/winavr-20100110/bin/../lib/gcc/avr/4.3.3/avr5\libgcc.a(_udivmodsi4.o)
                0x0000112e                __udivmodsi4
 .text.libgcc   0x00001172       0x36 c:/winavr-20100110/bin/../lib/gcc/avr/4.3.3/avr5\libgcc.a(_divmodsi4.o)
                0x00001172                __divmodsi4
 .text.libgcc   0x000011a8        0x0 c:/winavr-20100110/bin/../lib/gcc/avr/4.3.3/avr5\libgcc.a(_exit.o)
 .text.libgcc   0x000011a8        0x0 c:/winavr-20100110/bin/../lib/gcc/avr/4.3.3/avr5\libgcc.a(_copy_data.o)
 .text.libgcc   0x000011a8        0x0 c:/winavr-20100110/bin/../lib/gcc/avr/4.3.3/avr5\libgcc.a(_clear_bss.o)
                0x000011a8                . = ALIGN (0x2)
 *(.fini9)
 .fini9         0x000011a8        0x0 c:/winavr-20100110/bin/../lib/gcc/avr/4.3.3/avr5\libgcc.a(_exit.o)
                0x000011a8                exit
                0x000011a8                _exit
 *(.fini9)
 *(.fini8)
 *(.fini8)
 *(.fini7)
 *(.fini7)
 *(.fini6)
 *(.fini6)
 *(.fini5)
 *(.fini5)
 *(.fini4)
 *(.fini4)
 *(.fini3)
 *(.fini3)
 *(.fini2)
 *(.fini2)
 *(.fini1)
 *(.fini1)
 *(.fini0)
 .fini0         0x000011a8        0x4 c:/winavr-20100110/bin/../lib/gcc/avr/4.3.3/avr5\libgcc.a(_exit.o)
 *(.fini0)
                0x000011ac                _etext = .

.data           0x00800100       0x50 load address 0x000011ac
                0x00800100                PROVIDE (__data_start, .)
 *(.data)
 .data          0x00800100        0x0 c:/winavr-20100110/bin/../lib/gcc/avr/4.3.3/../../../../avr/lib/avr5/crtm328p.o
 .data          0x00800100        0x0 main.o
 .data          0x00800100        0xa systick.o
 .data          0x0080010a       0x45 app.o
                0x0080014d                global_var
 .data          0x0080014f        0x0 debug.o
 .data          0x0080014f        0x0 gpio.o
 .data          0x0080014f        0x0 tasks.o
 .data          0x0080014f        0x0 states.o
 .data          0x0080014f        0x0 context.o
 .data          0x0080014f        0x0 c:/winavr-20100110/bin/../lib/gcc/avr/4.3.3/avr5\libgcc.a(_udivmodsi4.o)
 .data          0x0080014f        0x0 c:/winavr-20100110/bin/../lib/gcc/avr/4.3.3/avr5\libgcc.a(_divmodsi4.o)
 .data          0x0080014f        0x0 c:/winavr-20100110/bin/../lib/gcc/avr/4.3.3/avr5\libgcc.a(_exit.o)
 .data          0x0080014f        0x0 c:/winavr-20100110/bin/../lib/gcc/avr/4.3.3/avr5\libgcc.a(_copy_data.o)
 .data          0x0080014f        0x0 c:/winavr-20100110/bin/../lib/gcc/avr/4.3.3/avr5\libgcc.a(_clear_bss.o)
 .data          0x0080014f        0x0 c:/winavr-20100110/bin/../lib/gcc/avr/4.3.3/avr5\libgcc.a(_lshrdi3.o)
 *(.data*)
 *(.rodata)
 *(.rodata*)
 *(.gnu.linkonce.d*)
                0x00800150                . = ALIGN (0x2)
 *fill*         0x0080014f        0x1 00
                0x00800150                _edata = .
                0x00800150                PROVIDE (__data_end, .)

.bss            0x00800150       0x61
                0x00800150                PROVIDE (__bss_start, .)
 *(.bss)
 .bss           0x00800150        0x0 c:/winavr-20100110/bin/../lib/gcc/avr/4.3.3/../../../../avr/lib/avr5/crtm328p.o
 .bss           0x00800150        0x0 main.o
 .bss           0x00800150        0x0 systick.o
 .bss           0x00800150        0x0 app.o
 .bss           0x00800150       0x5b debug.o
 .bss           0x008001ab        0x0 gpio.o
 .bss           0x008001ab        0x0 tasks.o
 .bss           0x008001ab        0x0 states.o
 .bss           0x008001ab        0x0 context.o
 .bss           0x008001ab        0x0 c:/winavr-20100110/bin/../lib/gcc/avr/4.3.3/avr5\libgcc.a(_udivmodsi4.o)
 .bss           0x008001ab        0x0 c:/winavr-20100110/bin/../lib/gcc/avr/4.3.3/avr5\libgcc.a(_divmodsi4.o)
 .bss           0x008001ab        0x0 c:/winavr-20100110/bin/../lib/gcc/avr/4.3.3/avr5\libgcc.a(_exit.o)
 .bss           0x008001ab        0x0 c:/winavr-20100110/bin/../lib/gcc/avr/4.3.3/avr5\libgcc.a(_copy_data.o)
 .bss           0x008001ab        0x0 c:/winavr-20100110/bin/../lib/gcc/avr/4.3.3/avr5\libgcc.a(_clear_bss.o)
 .bss           0x008001ab        0x0 c:/winavr-20100110/bin/../lib/gcc/avr/4.3.3/avr5\libgcc.a(_lshrdi3.o)
 *(.bss*)
 *(COMMON)
 COMMON         0x008001ab        0x6 systick.o
                0x008001ab                SysTick
                0x008001b1                PROVIDE (__bss_end, .)
                0x000011ac                __data_load_start = LOADADDR (.data)
                0x000011fc                __data_load_end = (__data_load_start + SIZEOF (.data))

.noinit         0x008001b1        0x0
                0x008001b1                PROVIDE (__noinit_start, .)
 *(.noinit*)
                0x008001b1                PROVIDE (__noinit_end, .)
                0x008001b1                _end = .
                0x008001b1                PROVIDE (__heap_start, .)

.eeprom         0x00810000        0x0
 *(.eeprom*)
                0x00810000                __eeprom_end = .

.fuse
 *(.fuse)
 *(.lfuse)
 *(.hfuse)
 *(.efuse)

.lock
 *(.lock*)

.signature
 *(.signature*)

.stab
 *(.stab)

.stabstr
 *(.stabstr)

.stab.excl
 *(.stab.excl)

.stab.exclstr
 *(.stab.exclstr)

.stab.index
 *(.stab.index)

.stab.indexstr
 *(.stab.indexstr)

.comment
 *(.comment)

.debug
 *(.debug)

.line
 *(.line)

.debug_srcinfo
 *(.debug_srcinfo)

.debug_sfnames
 *(.debug_sfnames)

.debug_aranges  0x00000000       0xe0
 *(.debug_aranges)
 .debug_aranges
                0x00000000       0x20 main.o
 .debug_aranges
                0x00000020       0x20 systick.o
 .debug_aranges
                0x00000040       0x20 app.o
 .debug_aranges
                0x00000060       0x20 debug.o
 .debug_aranges
                0x00000080       0x20 gpio.o
 .debug_aranges
                0x000000a0       0x20 context.o
 .debug_aranges
                0x000000c0       0x20 c:/winavr-20100110/bin/../lib/gcc/avr/4.3.3/avr5\libgcc.a(_lshrdi3.o)

.debug_pubnames
                0x00000000      0x9ed
 *(.debug_pubnames)
 .debug_pubnames
                0x00000000       0x1b main.o
 .debug_pubnames
                0x0000001b       0x88 systick.o
 .debug_pubnames
                0x000000a3       0x41 app.o
 .debug_pubnames
                0x000000e4      0x7d0 debug.o
 .debug_pubnames
                0x000008b4       0xe2 gpio.o
 .debug_pubnames
                0x00000996       0x37 context.o
 .debug_pubnames
                0x000009cd       0x20 c:/winavr-20100110/bin/../lib/gcc/avr/4.3.3/avr5\libgcc.a(_lshrdi3.o)

.debug_info     0x00000000     0x1dda
 *(.debug_info)
 .debug_info    0x00000000       0x76 main.o
 .debug_info    0x00000076      0x1e8 systick.o
 .debug_info    0x0000025e      0x145 app.o
 .debug_info    0x000003a3     0x15a9 debug.o
 .debug_info    0x0000194c      0x1cd gpio.o
 .debug_info    0x00001b19       0x5e tasks.o
 .debug_info    0x00001b77       0x5e states.o
 .debug_info    0x00001bd5       0x86 context.o
 .debug_info    0x00001c5b      0x17f c:/winavr-20100110/bin/../lib/gcc/avr/4.3.3/avr5\libgcc.a(_lshrdi3.o)
 *(.gnu.linkonce.wi.*)

.debug_abbrev   0x00000000      0x75f
 *(.debug_abbrev)
 .debug_abbrev  0x00000000       0x41 main.o
 .debug_abbrev  0x00000041      0x106 systick.o
 .debug_abbrev  0x00000147       0xdc app.o
 .debug_abbrev  0x00000223      0x32b debug.o
 .debug_abbrev  0x0000054e       0x90 gpio.o
 .debug_abbrev  0x000005de       0x2a tasks.o
 .debug_abbrev  0x00000608       0x2a states.o
 .debug_abbrev  0x00000632       0x3f context.o
 .debug_abbrev  0x00000671       0xee c:/winavr-20100110/bin/../lib/gcc/avr/4.3.3/avr5\libgcc.a(_lshrdi3.o)

.debug_line     0x00000000     0x170d
 *(.debug_line)
 .debug_line    0x00000000       0x68 main.o
 .debug_line    0x00000068      0x219 systick.o
 .debug_line    0x00000281      0x16b app.o
 .debug_line    0x000003ec      0xf0a debug.o
 .debug_line    0x000012f6      0x249 gpio.o
 .debug_line    0x0000153f       0x3e tasks.o
 .debug_line    0x0000157d       0x3e states.o
 .debug_line    0x000015bb       0x7b context.o
 .debug_line    0x00001636       0xd7 c:/winavr-20100110/bin/../lib/gcc/avr/4.3.3/avr5\libgcc.a(_lshrdi3.o)

.debug_frame    0x00000000      0x6c0
 *(.debug_frame)
 .debug_frame   0x00000000       0x20 main.o
 .debug_frame   0x00000020       0x60 systick.o
 .debug_frame   0x00000080       0x30 app.o
 .debug_frame   0x000000b0      0x4e0 debug.o
 .debug_frame   0x00000590       0xe0 gpio.o
 .debug_frame   0x00000670       0x30 context.o
 .debug_frame   0x000006a0       0x20 c:/winavr-20100110/bin/../lib/gcc/avr/4.3.3/avr5\libgcc.a(_lshrdi3.o)

.debug_str      0x00000000      0xb4b
 *(.debug_str)
 .debug_str     0x00000000       0x99 main.o
                                 0xcd (size before relaxing)
 .debug_str     0x00000099       0xe0 systick.o
                                0x1b1 (size before relaxing)
 .debug_str     0x00000179       0x63 app.o
                                0x12d (size before relaxing)
 .debug_str     0x000001dc      0x7e8 debug.o
                                0x8df (size before relaxing)
 .debug_str     0x000009c4       0xa3 gpio.o
                                0x16c (size before relaxing)
 .debug_str     0x00000a67        0x8 tasks.o
                                 0xc9 (size before relaxing)
 .debug_str     0x00000a6f        0x9 states.o
                                 0xca (size before relaxing)
 .debug_str     0x00000a78       0x27 context.o
                                 0xe8 (size before relaxing)
 .debug_str     0x00000a9f       0xac c:/winavr-20100110/bin/../lib/gcc/avr/4.3.3/avr5\libgcc.a(_lshrdi3.o)
                                0x131 (size before relaxing)

.debug_loc      0x00000000      0xc9b
 *(.debug_loc)
 .debug_loc     0x00000000      0x131 systick.o
 .debug_loc     0x00000131      0xa72 debug.o
 .debug_loc     0x00000ba3       0xf8 c:/winavr-20100110/bin/../lib/gcc/avr/4.3.3/avr5\libgcc.a(_lshrdi3.o)

.debug_macinfo
 *(.debug_macinfo)
OUTPUT(main.elf elf32-avr)
LOAD linker stubs

.debug_ranges   0x00000000       0x18
 .debug_ranges  0x00000000       0x18 debug.o

Cross Reference Table

Symbol                                            File
App_Main_Loop                                     app.o
                                                  main.o
App_Setup                                         app.o
                                                  main.o
Context_Restore                                   context.o
                                                  app.o
Context_Save                                      context.o
                                                  app.o
Debug_Buf_Flush                                   debug.o
Debug_Buf_Get                                     debug.o
Debug_Buf_Get_Index                               debug.o
Debug_CRC_Calculate_Block                         debug.o
Debug_CRC_Calculate_Byte                          debug.o
Debug_Clear_Interrupt_Flag                        debug.o
Debug_Config_BAUD_Rate                            debug.o
Debug_Config_Clock                                debug.o
Debug_Config_GPIO                                 debug.o
Debug_Config_Rx                                   debug.o
Debug_Config_Rx_Interrupt                         debug.o
Debug_Config_Tx                                   debug.o
Debug_Data_Available                              debug.o
Debug_Data_CRC_Status_Get                         debug.o
Debug_Data_Calculated_CRC_Get                     debug.o
Debug_Data_Clear_Available_Flag                   debug.o
Debug_Data_Clear_Read_Complete_Flag               debug.o
Debug_Data_Copy_Buf                               debug.o
Debug_Data_Len_Get                                debug.o
Debug_Data_Print_Buf                              debug.o
Debug_Data_Read_Complete_Status                   debug.o
Debug_Data_Received_CRC_Get                       debug.o
Debug_Determine_Digit_Numbers                     debug.o
Debug_Error_Code_Clear                            debug.o
Debug_Error_Code_Get                              debug.o
Debug_ISR_Handler                                 debug.o
Debug_Init                                        debug.o
                                                  app.o
Debug_RX_Packet_CRC_Check                         debug.o
Debug_RX_Packet_Disassemble                       debug.o
Debug_RX_Packet_Read_Complete                     debug.o
Debug_RX_Packet_Struct_Init                       debug.o
Debug_Rx_Byte                                     debug.o
Debug_Sticky_Error_Code_Get                       debug.o
Debug_Struct_Init                                 debug.o
Debug_Timer_Clear_Interrupt_Flag                  debug.o
Debug_Timer_Disable                               debug.o
Debug_Timer_Enable                                debug.o
Debug_Timer_Get_Status                            debug.o
Debug_Timer_Get_Val                               debug.o
Debug_Timer_ISR_Handler                           debug.o
Debug_Timer_Init                                  debug.o
Debug_Timer_Struct_Init                           debug.o
Debug_Timer_Value_Reset                           debug.o
Debug_Tx_Buf                                      debug.o
Debug_Tx_Byte                                     debug.o
Debug_Tx_CM                                       debug.o
Debug_Tx_NL                                       debug.o
Debug_Tx_Number                                   debug.o
Debug_Tx_Number_Bin                               debug.o
Debug_Tx_Number_Bin_CM                            debug.o
Debug_Tx_Number_Bin_NL                            debug.o
Debug_Tx_Number_Bin_Raw                           debug.o
Debug_Tx_Number_Bin_SP                            debug.o
Debug_Tx_Number_CM                                debug.o
Debug_Tx_Number_Digits                            debug.o
Debug_Tx_Number_Hex                               debug.o
Debug_Tx_Number_Hex_CM                            debug.o
Debug_Tx_Number_Hex_NL                            debug.o
Debug_Tx_Number_Hex_Raw                           debug.o
Debug_Tx_Number_Hex_SP                            debug.o
Debug_Tx_Number_NL                                debug.o
Debug_Tx_Number_SP                                debug.o
Debug_Tx_Parameter_Bin_CM                         debug.o
Debug_Tx_Parameter_Bin_NL                         debug.o
Debug_Tx_Parameter_Bin_SP                         debug.o
Debug_Tx_Parameter_CM                             debug.o
Debug_Tx_Parameter_Hex_CM                         debug.o
Debug_Tx_Parameter_Hex_NL                         debug.o
Debug_Tx_Parameter_Hex_SP                         debug.o
Debug_Tx_Parameter_NL                             debug.o
                                                  app.o
Debug_Tx_Parameter_SP                             debug.o
Debug_Tx_SP                                       debug.o
Debug_Tx_Text                                     debug.o
Debug_Tx_Text_CM                                  debug.o
Debug_Tx_Text_NL                                  debug.o
                                                  app.o
Debug_Tx_Text_SP                                  debug.o
GPIO0_Set                                         gpio.o
GPIO0_Toggle                                      gpio.o
                                                  systick.o
GPIO1_Set                                         gpio.o
GPIO1_Toggle                                      gpio.o
GPIO2_Set                                         gpio.o
GPIO2_Toggle                                      gpio.o
GPIO3_Set                                         gpio.o
GPIO3_Toggle                                      gpio.o
GPIO4_Set                                         gpio.o
GPIO4_Toggle                                      gpio.o
GPIO_Init                                         gpio.o
                                                  app.o
GPIO_Reg_Init                                     gpio.o
GPIO_Struct_Init                                  gpio.o
SysTick                                           systick.o
SysTick_ISR_Executables                           systick.o
SysTick_Init                                      systick.o
                                                  main.o
SysTick_Reg_Init                                  systick.o
SysTick_Struct_Init                               systick.o
__bad_interrupt                                   c:/winavr-20100110/bin/../lib/gcc/avr/4.3.3/../../../../avr/lib/avr5/crtm328p.o
__bss_end                                         c:/winavr-20100110/bin/../lib/gcc/avr/4.3.3/avr5\libgcc.a(_clear_bss.o)
__bss_start                                       c:/winavr-20100110/bin/../lib/gcc/avr/4.3.3/avr5\libgcc.a(_clear_bss.o)
__data_end                                        c:/winavr-20100110/bin/../lib/gcc/avr/4.3.3/avr5\libgcc.a(_copy_data.o)
__data_load_start                                 c:/winavr-20100110/bin/../lib/gcc/avr/4.3.3/avr5\libgcc.a(_copy_data.o)
__data_start                                      c:/winavr-20100110/bin/../lib/gcc/avr/4.3.3/avr5\libgcc.a(_copy_data.o)
__divmodsi4                                       c:/winavr-20100110/bin/../lib/gcc/avr/4.3.3/avr5\libgcc.a(_divmodsi4.o)
                                                  systick.o
__do_clear_bss                                    c:/winavr-20100110/bin/../lib/gcc/avr/4.3.3/avr5\libgcc.a(_clear_bss.o)
                                                  debug.o
                                                  systick.o
__do_copy_data                                    c:/winavr-20100110/bin/../lib/gcc/avr/4.3.3/avr5\libgcc.a(_copy_data.o)
                                                  app.o
                                                  systick.o
__heap_end                                        c:/winavr-20100110/bin/../lib/gcc/avr/4.3.3/../../../../avr/lib/avr5/crtm328p.o
__init                                            c:/winavr-20100110/bin/../lib/gcc/avr/4.3.3/../../../../avr/lib/avr5/crtm328p.o
__lshrdi3                                         c:/winavr-20100110/bin/../lib/gcc/avr/4.3.3/avr5\libgcc.a(_lshrdi3.o)
                                                  debug.o
__stack                                           c:/winavr-20100110/bin/../lib/gcc/avr/4.3.3/../../../../avr/lib/avr5/crtm328p.o
__udivmodsi4                                      c:/winavr-20100110/bin/../lib/gcc/avr/4.3.3/avr5\libgcc.a(_udivmodsi4.o)
                                                  c:/winavr-20100110/bin/../lib/gcc/avr/4.3.3/avr5\libgcc.a(_divmodsi4.o)
                                                  debug.o
__vector_1                                        c:/winavr-20100110/bin/../lib/gcc/avr/4.3.3/../../../../avr/lib/avr5/crtm328p.o
__vector_10                                       c:/winavr-20100110/bin/../lib/gcc/avr/4.3.3/../../../../avr/lib/avr5/crtm328p.o
__vector_11                                       c:/winavr-20100110/bin/../lib/gcc/avr/4.3.3/../../../../avr/lib/avr5/crtm328p.o
__vector_12                                       c:/winavr-20100110/bin/../lib/gcc/avr/4.3.3/../../../../avr/lib/avr5/crtm328p.o
__vector_13                                       c:/winavr-20100110/bin/../lib/gcc/avr/4.3.3/../../../../avr/lib/avr5/crtm328p.o
__vector_14                                       c:/winavr-20100110/bin/../lib/gcc/avr/4.3.3/../../../../avr/lib/avr5/crtm328p.o
__vector_15                                       c:/winavr-20100110/bin/../lib/gcc/avr/4.3.3/../../../../avr/lib/avr5/crtm328p.o
__vector_16                                       systick.o
                                                  c:/winavr-20100110/bin/../lib/gcc/avr/4.3.3/../../../../avr/lib/avr5/crtm328p.o
__vector_17                                       c:/winavr-20100110/bin/../lib/gcc/avr/4.3.3/../../../../avr/lib/avr5/crtm328p.o
__vector_18                                       debug.o
                                                  c:/winavr-20100110/bin/../lib/gcc/avr/4.3.3/../../../../avr/lib/avr5/crtm328p.o
__vector_19                                       c:/winavr-20100110/bin/../lib/gcc/avr/4.3.3/../../../../avr/lib/avr5/crtm328p.o
__vector_2                                        c:/winavr-20100110/bin/../lib/gcc/avr/4.3.3/../../../../avr/lib/avr5/crtm328p.o
__vector_20                                       c:/winavr-20100110/bin/../lib/gcc/avr/4.3.3/../../../../avr/lib/avr5/crtm328p.o
__vector_21                                       c:/winavr-20100110/bin/../lib/gcc/avr/4.3.3/../../../../avr/lib/avr5/crtm328p.o
__vector_22                                       c:/winavr-20100110/bin/../lib/gcc/avr/4.3.3/../../../../avr/lib/avr5/crtm328p.o
__vector_23                                       c:/winavr-20100110/bin/../lib/gcc/avr/4.3.3/../../../../avr/lib/avr5/crtm328p.o
__vector_24                                       c:/winavr-20100110/bin/../lib/gcc/avr/4.3.3/../../../../avr/lib/avr5/crtm328p.o
__vector_25                                       c:/winavr-20100110/bin/../lib/gcc/avr/4.3.3/../../../../avr/lib/avr5/crtm328p.o
__vector_3                                        c:/winavr-20100110/bin/../lib/gcc/avr/4.3.3/../../../../avr/lib/avr5/crtm328p.o
__vector_4                                        c:/winavr-20100110/bin/../lib/gcc/avr/4.3.3/../../../../avr/lib/avr5/crtm328p.o
__vector_5                                        c:/winavr-20100110/bin/../lib/gcc/avr/4.3.3/../../../../avr/lib/avr5/crtm328p.o
__vector_6                                        c:/winavr-20100110/bin/../lib/gcc/avr/4.3.3/../../../../avr/lib/avr5/crtm328p.o
__vector_7                                        c:/winavr-20100110/bin/../lib/gcc/avr/4.3.3/../../../../avr/lib/avr5/crtm328p.o
__vector_8                                        c:/winavr-20100110/bin/../lib/gcc/avr/4.3.3/../../../../avr/lib/avr5/crtm328p.o
__vector_9                                        c:/winavr-20100110/bin/../lib/gcc/avr/4.3.3/../../../../avr/lib/avr5/crtm328p.o
__vector_default                                  c:/winavr-20100110/bin/../lib/gcc/avr/4.3.3/../../../../avr/lib/avr5/crtm328p.o
__vectors                                         c:/winavr-20100110/bin/../lib/gcc/avr/4.3.3/../../../../avr/lib/avr5/crtm328p.o
_exit                                             c:/winavr-20100110/bin/../lib/gcc/avr/4.3.3/avr5\libgcc.a(_exit.o)
exit                                              c:/winavr-20100110/bin/../lib/gcc/avr/4.3.3/avr5\libgcc.a(_exit.o)
                                                  c:/winavr-20100110/bin/../lib/gcc/avr/4.3.3/../../../../avr/lib/avr5/crtm328p.o
global_var                                        app.o
main                                              main.o
                                                  c:/winavr-20100110/bin/../lib/gcc/avr/4.3.3/../../../../avr/lib/avr5/crtm328p.o
