Archive member included because of file (symbol)

c:/winavr-20100110/bin/../lib/gcc/avr/4.3.3/avr5\libgcc.a(_udivmodsi4.o)
                              tasks.o (__udivmodsi4)
c:/winavr-20100110/bin/../lib/gcc/avr/4.3.3/avr5\libgcc.a(_exit.o)
                              c:/winavr-20100110/bin/../lib/gcc/avr/4.3.3/../../../../avr/lib/avr5/crtm328p.o (exit)

Memory Configuration

Name             Origin             Length             Attributes
text             0x00000000         0x00020000         xr
data             0x00800060         0x0000ffa0         rw !x
eeprom           0x00810000         0x00010000         rw !x
fuse             0x00820000         0x00000400         rw !x
lock             0x00830000         0x00000400         rw !x
signature        0x00840000         0x00000400         rw !x
*default*        0x00000000         0xffffffff

Linker script and memory map

Address of section .data set to 0x800100
LOAD c:/winavr-20100110/bin/../lib/gcc/avr/4.3.3/../../../../avr/lib/avr5/crtm328p.o
LOAD main.o
LOAD tasks.o
LOAD kernel.o
LOAD debug.o
LOAD c:/winavr-20100110/bin/../lib/gcc/avr/4.3.3/../../../../avr/lib/avr5\libm.a
LOAD c:/winavr-20100110/bin/../lib/gcc/avr/4.3.3/avr5\libgcc.a
LOAD c:/winavr-20100110/bin/../lib/gcc/avr/4.3.3/../../../../avr/lib/avr5\libc.a
LOAD c:/winavr-20100110/bin/../lib/gcc/avr/4.3.3/avr5\libgcc.a

.hash
 *(.hash)

.dynsym
 *(.dynsym)

.dynstr
 *(.dynstr)

.gnu.version
 *(.gnu.version)

.gnu.version_d
 *(.gnu.version_d)

.gnu.version_r
 *(.gnu.version_r)

.rel.init
 *(.rel.init)

.rela.init
 *(.rela.init)

.rel.text
 *(.rel.text)
 *(.rel.text.*)
 *(.rel.gnu.linkonce.t*)

.rela.text
 *(.rela.text)
 *(.rela.text.*)
 *(.rela.gnu.linkonce.t*)

.rel.fini
 *(.rel.fini)

.rela.fini
 *(.rela.fini)

.rel.rodata
 *(.rel.rodata)
 *(.rel.rodata.*)
 *(.rel.gnu.linkonce.r*)

.rela.rodata
 *(.rela.rodata)
 *(.rela.rodata.*)
 *(.rela.gnu.linkonce.r*)

.rel.data
 *(.rel.data)
 *(.rel.data.*)
 *(.rel.gnu.linkonce.d*)

.rela.data
 *(.rela.data)
 *(.rela.data.*)
 *(.rela.gnu.linkonce.d*)

.rel.ctors
 *(.rel.ctors)

.rela.ctors
 *(.rela.ctors)

.rel.dtors
 *(.rel.dtors)

.rela.dtors
 *(.rela.dtors)

.rel.got
 *(.rel.got)

.rela.got
 *(.rela.got)

.rel.bss
 *(.rel.bss)

.rela.bss
 *(.rela.bss)

.rel.plt
 *(.rel.plt)

.rela.plt
 *(.rela.plt)

.text           0x00000000      0xb78
 *(.vectors)
 .vectors       0x00000000       0x68 c:/winavr-20100110/bin/../lib/gcc/avr/4.3.3/../../../../avr/lib/avr5/crtm328p.o
                0x00000000                __vectors
                0x00000000                __vector_default
 .vectors       0x00000068       0x22 kernel.o
 *(.vectors)
 *(.progmem.gcc*)
 *(.progmem*)
                0x0000008a                . = ALIGN (0x2)
                0x0000008a                __trampolines_start = .
 *(.trampolines)
 .trampolines   0x0000008a        0x0 linker stubs
 *(.trampolines*)
                0x0000008a                __trampolines_end = .
 *(.jumptables)
 *(.jumptables*)
 *(.lowtext)
 *(.lowtext*)
                0x0000008a                __ctors_start = .
 *(.ctors)
                0x0000008a                __ctors_end = .
                0x0000008a                __dtors_start = .
 *(.dtors)
                0x0000008a                __dtors_end = .
 SORT(*)(.ctors)
 SORT(*)(.dtors)
 *(.init0)
 .init0         0x0000008a        0x0 c:/winavr-20100110/bin/../lib/gcc/avr/4.3.3/../../../../avr/lib/avr5/crtm328p.o
                0x0000008a                __init
 *(.init0)
 *(.init1)
 *(.init1)
 *(.init2)
 .init2         0x0000008a        0xc c:/winavr-20100110/bin/../lib/gcc/avr/4.3.3/../../../../avr/lib/avr5/crtm328p.o
 *(.init2)
 *(.init3)
 *(.init3)
 *(.init4)
 *(.init4)
 *(.init5)
 *(.init5)
 *(.init6)
 *(.init6)
 *(.init7)
 *(.init7)
 *(.init8)
 *(.init8)
 *(.init9)
 .init9         0x00000096        0x8 c:/winavr-20100110/bin/../lib/gcc/avr/4.3.3/../../../../avr/lib/avr5/crtm328p.o
 *(.init9)
 *(.text)
 .text          0x0000009e        0x4 c:/winavr-20100110/bin/../lib/gcc/avr/4.3.3/../../../../avr/lib/avr5/crtm328p.o
                0x0000009e                __vector_22
                0x0000009e                __vector_1
                0x0000009e                __vector_24
                0x0000009e                __vector_12
                0x0000009e                __bad_interrupt
                0x0000009e                __vector_6
                0x0000009e                __vector_3
                0x0000009e                __vector_23
                0x0000009e                __vector_25
                0x0000009e                __vector_11
                0x0000009e                __vector_13
                0x0000009e                __vector_17
                0x0000009e                __vector_19
                0x0000009e                __vector_7
                0x0000009e                __vector_5
                0x0000009e                __vector_4
                0x0000009e                __vector_9
                0x0000009e                __vector_2
                0x0000009e                __vector_21
                0x0000009e                __vector_15
                0x0000009e                __vector_8
                0x0000009e                __vector_14
                0x0000009e                __vector_10
                0x0000009e                __vector_18
                0x0000009e                __vector_20
 .text          0x000000a2       0x64 main.o
                0x000000a2                main
 .text          0x00000106      0x2c8 tasks.o
                0x00000178                Tasks_Task6
                0x00000152                Tasks_Task7
                0x00000228                Tasks_Task2
                0x000001cc                Tasks_Task4
                0x00000106                Tasks_Task9
                0x000001fa                Tasks_Task3
                0x0000019e                Tasks_Task5
                0x0000012c                Tasks_Task8
                0x00000256                Tasks_Task1
 .text          0x000003ce      0x6a6 kernel.o
                0x00000a68                Kernel_Abs_High_Prio_Task_ID_Get
                0x00000596                Kernel_SysTick_Reg_Init
                0x0000089e                Kernel_Task_Sleep
                0x00000a20                Kernel_Task_Sleep_Time_Get
                0x00000a4a                Kernel_Task_Prio_Get
                0x00000a5a                Kernel_Lowest_Prio_Get
                0x00000a6e                Kernel_CPU_Usage_Get
                0x00000a44                Kernel_NTask_Get
                0x0000089c                Kernel_Task_Idle
                0x0000072a                Kernel_Start_Tasks
                0x00000a34                Kernel_Task_Status_Get
                0x0000083e                Kernel_Init
                0x00000634                Kernel_Task_Create
                0x00000a60                Kernel_High_Prio_Task_ID_Get
                0x000003ce                __vector_16
 .text          0x00000a74       0xbc debug.o
                0x00000a94                Debug_Tx_Byte
                0x00000ad2                Debug_Tx_Word_Conf
                0x00000b22                Debug_Tx_RAM_Area
                0x00000a74                Debug_Init
                0x00000ae2                Debug_Tx_DWord_Conf
                0x00000b0a                Debug_Tx_From_RAM
                0x00000aa6                Debug_Tx_Word
                0x00000ab6                Debug_Tx_Byte_Conf
 .text          0x00000b30        0x0 c:/winavr-20100110/bin/../lib/gcc/avr/4.3.3/avr5\libgcc.a(_udivmodsi4.o)
 .text          0x00000b30        0x0 c:/winavr-20100110/bin/../lib/gcc/avr/4.3.3/avr5\libgcc.a(_exit.o)
                0x00000b30                . = ALIGN (0x2)
 *(.text.*)
 .text.libgcc   0x00000b30       0x44 c:/winavr-20100110/bin/../lib/gcc/avr/4.3.3/avr5\libgcc.a(_udivmodsi4.o)
                0x00000b30                __udivmodsi4
 .text.libgcc   0x00000b74        0x0 c:/winavr-20100110/bin/../lib/gcc/avr/4.3.3/avr5\libgcc.a(_exit.o)
                0x00000b74                . = ALIGN (0x2)
 *(.fini9)
 .fini9         0x00000b74        0x0 c:/winavr-20100110/bin/../lib/gcc/avr/4.3.3/avr5\libgcc.a(_exit.o)
                0x00000b74                exit
                0x00000b74                _exit
 *(.fini9)
 *(.fini8)
 *(.fini8)
 *(.fini7)
 *(.fini7)
 *(.fini6)
 *(.fini6)
 *(.fini5)
 *(.fini5)
 *(.fini4)
 *(.fini4)
 *(.fini3)
 *(.fini3)
 *(.fini2)
 *(.fini2)
 *(.fini1)
 *(.fini1)
 *(.fini0)
 .fini0         0x00000b74        0x4 c:/winavr-20100110/bin/../lib/gcc/avr/4.3.3/avr5\libgcc.a(_exit.o)
 *(.fini0)
                0x00000b78                _etext = .

.data           0x00800100        0x0 load address 0x00000b78
                0x00800100                PROVIDE (__data_start, .)
 *(.data)
 .data          0x00800100        0x0 c:/winavr-20100110/bin/../lib/gcc/avr/4.3.3/../../../../avr/lib/avr5/crtm328p.o
 .data          0x00800100        0x0 main.o
 .data          0x00800100        0x0 tasks.o
 .data          0x00800100        0x0 kernel.o
 .data          0x00800100        0x0 debug.o
 .data          0x00800100        0x0 c:/winavr-20100110/bin/../lib/gcc/avr/4.3.3/avr5\libgcc.a(_udivmodsi4.o)
 .data          0x00800100        0x0 c:/winavr-20100110/bin/../lib/gcc/avr/4.3.3/avr5\libgcc.a(_exit.o)
 *(.data*)
 *(.rodata)
 *(.rodata*)
 *(.gnu.linkonce.d*)
                0x00800100                . = ALIGN (0x2)
                0x00800100                _edata = .
                0x00800100                PROVIDE (__data_end, .)

.bss            0x00800100      0x558
                0x00800100                PROVIDE (__bss_start, .)
 *(.bss)
 .bss           0x00800100        0x0 c:/winavr-20100110/bin/../lib/gcc/avr/4.3.3/../../../../avr/lib/avr5/crtm328p.o
 .bss           0x00800100        0x0 main.o
 .bss           0x00800100        0x0 tasks.o
 .bss           0x00800100      0x558 kernel.o
                0x00800158                KerStack
                0x00800130                KerSchSts
                0x00800122                KerSSZ
                0x0080010e                KerPSP
                0x00800100                KerBase
                0x00800144                KerSchSlp
                0x0080013a                KerSchPr
 .bss           0x00800658        0x0 debug.o
 .bss           0x00800658        0x0 c:/winavr-20100110/bin/../lib/gcc/avr/4.3.3/avr5\libgcc.a(_udivmodsi4.o)
 .bss           0x00800658        0x0 c:/winavr-20100110/bin/../lib/gcc/avr/4.3.3/avr5\libgcc.a(_exit.o)
 *(.bss*)
 *(COMMON)
                0x00800658                PROVIDE (__bss_end, .)
                0x00000b78                __data_load_start = LOADADDR (.data)
                0x00000b78                __data_load_end = (__data_load_start + SIZEOF (.data))

.noinit         0x00800658        0x0
                0x00800658                PROVIDE (__noinit_start, .)
 *(.noinit*)
                0x00800658                PROVIDE (__noinit_end, .)
                0x00800658                _end = .
                0x00800658                PROVIDE (__heap_start, .)

.eeprom         0x00810000        0x0
 *(.eeprom*)
                0x00810000                __eeprom_end = .

.fuse
 *(.fuse)
 *(.lfuse)
 *(.hfuse)
 *(.efuse)

.lock
 *(.lock*)

.signature
 *(.signature*)

.stab           0x00000000      0xb64
 *(.stab)
 .stab          0x00000000      0x810 kernel.o
 .stab          0x00000810      0x354 debug.o
                                0x360 (size before relaxing)

.stabstr        0x00000000       0x6d
 *(.stabstr)
 .stabstr       0x00000000       0x6d kernel.o

.stab.excl
 *(.stab.excl)

.stab.exclstr
 *(.stab.exclstr)

.stab.index
 *(.stab.index)

.stab.indexstr
 *(.stab.indexstr)

.comment
 *(.comment)

.debug
 *(.debug)

.line
 *(.line)

.debug_srcinfo
 *(.debug_srcinfo)

.debug_sfnames
 *(.debug_sfnames)

.debug_aranges  0x00000000       0x40
 *(.debug_aranges)
 .debug_aranges
                0x00000000       0x20 main.o
 .debug_aranges
                0x00000020       0x20 tasks.o

.debug_pubnames
                0x00000000       0xbd
 *(.debug_pubnames)
 .debug_pubnames
                0x00000000       0x1b main.o
 .debug_pubnames
                0x0000001b       0xa2 tasks.o

.debug_info     0x00000000      0x2b9
 *(.debug_info)
 .debug_info    0x00000000       0x76 main.o
 .debug_info    0x00000076      0x243 tasks.o
 *(.gnu.linkonce.wi.*)

.debug_abbrev   0x00000000       0xe3
 *(.debug_abbrev)
 .debug_abbrev  0x00000000       0x41 main.o
 .debug_abbrev  0x00000041       0xa2 tasks.o

.debug_line     0x00000000      0x3b4
 *(.debug_line)
 .debug_line    0x00000000       0xa8 main.o
 .debug_line    0x000000a8      0x30c tasks.o

.debug_frame    0x00000000       0xc0
 *(.debug_frame)
 .debug_frame   0x00000000       0x20 main.o
 .debug_frame   0x00000020       0xa0 tasks.o

.debug_str      0x00000000      0x124
 *(.debug_str)
 .debug_str     0x00000000       0x9a main.o
                                 0xce (size before relaxing)
 .debug_str     0x0000009a       0x8a tasks.o
                                0x14c (size before relaxing)

.debug_loc
 *(.debug_loc)

.debug_macinfo
 *(.debug_macinfo)
OUTPUT(main.elf elf32-avr)
LOAD linker stubs

.debug_ranges   0x00000000       0x18
 .debug_ranges  0x00000000       0x18 tasks.o

Cross Reference Table

Symbol                                            File
Debug_Init                                        debug.o
                                                  tasks.o
Debug_Tx_Byte                                     debug.o
                                                  tasks.o
Debug_Tx_Byte_Conf                                debug.o
Debug_Tx_DWord_Conf                               debug.o
Debug_Tx_From_RAM                                 debug.o
Debug_Tx_RAM_Area                                 debug.o
Debug_Tx_Word                                     debug.o
Debug_Tx_Word_Conf                                debug.o
KerBase                                           kernel.o
KerPSP                                            kernel.o
KerSSZ                                            kernel.o
KerSchPr                                          kernel.o
KerSchSlp                                         kernel.o
KerSchSts                                         kernel.o
KerStack                                          kernel.o
Kernel_Abs_High_Prio_Task_ID_Get                  kernel.o
Kernel_CPU_Usage_Get                              kernel.o
Kernel_High_Prio_Task_ID_Get                      kernel.o
Kernel_Init                                       kernel.o
                                                  main.o
Kernel_Interrupt_Sts_Get                          kernel.o
Kernel_Lowest_Prio_Get                            kernel.o
Kernel_NTask_Get                                  kernel.o
Kernel_Start_Tasks                                kernel.o
                                                  main.o
Kernel_SysTick_Reg_Init                           kernel.o
Kernel_SysTick_Val_Get                            kernel.o
Kernel_SysTick_Val_Safely_Get                     kernel.o
Kernel_Task_Create                                kernel.o
                                                  main.o
Kernel_Task_Idle                                  kernel.o
Kernel_Task_Prio_Get                              kernel.o
Kernel_Task_Sleep                                 kernel.o
                                                  tasks.o
Kernel_Task_Sleep_Time_Get                        kernel.o
Kernel_Task_Status_Get                            kernel.o
Tasks_Task1                                       tasks.o
                                                  main.o
Tasks_Task2                                       tasks.o
                                                  main.o
Tasks_Task3                                       tasks.o
                                                  main.o
Tasks_Task4                                       tasks.o
                                                  main.o
Tasks_Task5                                       tasks.o
                                                  main.o
Tasks_Task6                                       tasks.o
                                                  main.o
Tasks_Task7                                       tasks.o
                                                  main.o
Tasks_Task8                                       tasks.o
                                                  main.o
Tasks_Task9                                       tasks.o
                                                  main.o
__bad_interrupt                                   c:/winavr-20100110/bin/../lib/gcc/avr/4.3.3/../../../../avr/lib/avr5/crtm328p.o
__heap_end                                        c:/winavr-20100110/bin/../lib/gcc/avr/4.3.3/../../../../avr/lib/avr5/crtm328p.o
__init                                            c:/winavr-20100110/bin/../lib/gcc/avr/4.3.3/../../../../avr/lib/avr5/crtm328p.o
__stack                                           c:/winavr-20100110/bin/../lib/gcc/avr/4.3.3/../../../../avr/lib/avr5/crtm328p.o
__udivmodsi4                                      c:/winavr-20100110/bin/../lib/gcc/avr/4.3.3/avr5\libgcc.a(_udivmodsi4.o)
                                                  tasks.o
__vector_1                                        c:/winavr-20100110/bin/../lib/gcc/avr/4.3.3/../../../../avr/lib/avr5/crtm328p.o
__vector_10                                       c:/winavr-20100110/bin/../lib/gcc/avr/4.3.3/../../../../avr/lib/avr5/crtm328p.o
__vector_11                                       c:/winavr-20100110/bin/../lib/gcc/avr/4.3.3/../../../../avr/lib/avr5/crtm328p.o
__vector_12                                       c:/winavr-20100110/bin/../lib/gcc/avr/4.3.3/../../../../avr/lib/avr5/crtm328p.o
__vector_13                                       c:/winavr-20100110/bin/../lib/gcc/avr/4.3.3/../../../../avr/lib/avr5/crtm328p.o
__vector_14                                       c:/winavr-20100110/bin/../lib/gcc/avr/4.3.3/../../../../avr/lib/avr5/crtm328p.o
__vector_15                                       c:/winavr-20100110/bin/../lib/gcc/avr/4.3.3/../../../../avr/lib/avr5/crtm328p.o
__vector_16                                       kernel.o
                                                  c:/winavr-20100110/bin/../lib/gcc/avr/4.3.3/../../../../avr/lib/avr5/crtm328p.o
__vector_17                                       c:/winavr-20100110/bin/../lib/gcc/avr/4.3.3/../../../../avr/lib/avr5/crtm328p.o
__vector_18                                       c:/winavr-20100110/bin/../lib/gcc/avr/4.3.3/../../../../avr/lib/avr5/crtm328p.o
__vector_19                                       c:/winavr-20100110/bin/../lib/gcc/avr/4.3.3/../../../../avr/lib/avr5/crtm328p.o
__vector_2                                        c:/winavr-20100110/bin/../lib/gcc/avr/4.3.3/../../../../avr/lib/avr5/crtm328p.o
__vector_20                                       c:/winavr-20100110/bin/../lib/gcc/avr/4.3.3/../../../../avr/lib/avr5/crtm328p.o
__vector_21                                       c:/winavr-20100110/bin/../lib/gcc/avr/4.3.3/../../../../avr/lib/avr5/crtm328p.o
__vector_22                                       c:/winavr-20100110/bin/../lib/gcc/avr/4.3.3/../../../../avr/lib/avr5/crtm328p.o
__vector_23                                       c:/winavr-20100110/bin/../lib/gcc/avr/4.3.3/../../../../avr/lib/avr5/crtm328p.o
__vector_24                                       c:/winavr-20100110/bin/../lib/gcc/avr/4.3.3/../../../../avr/lib/avr5/crtm328p.o
__vector_25                                       c:/winavr-20100110/bin/../lib/gcc/avr/4.3.3/../../../../avr/lib/avr5/crtm328p.o
__vector_3                                        c:/winavr-20100110/bin/../lib/gcc/avr/4.3.3/../../../../avr/lib/avr5/crtm328p.o
__vector_4                                        c:/winavr-20100110/bin/../lib/gcc/avr/4.3.3/../../../../avr/lib/avr5/crtm328p.o
__vector_5                                        c:/winavr-20100110/bin/../lib/gcc/avr/4.3.3/../../../../avr/lib/avr5/crtm328p.o
__vector_6                                        c:/winavr-20100110/bin/../lib/gcc/avr/4.3.3/../../../../avr/lib/avr5/crtm328p.o
__vector_7                                        c:/winavr-20100110/bin/../lib/gcc/avr/4.3.3/../../../../avr/lib/avr5/crtm328p.o
__vector_8                                        c:/winavr-20100110/bin/../lib/gcc/avr/4.3.3/../../../../avr/lib/avr5/crtm328p.o
__vector_9                                        c:/winavr-20100110/bin/../lib/gcc/avr/4.3.3/../../../../avr/lib/avr5/crtm328p.o
__vector_default                                  c:/winavr-20100110/bin/../lib/gcc/avr/4.3.3/../../../../avr/lib/avr5/crtm328p.o
__vectors                                         c:/winavr-20100110/bin/../lib/gcc/avr/4.3.3/../../../../avr/lib/avr5/crtm328p.o
_exit                                             c:/winavr-20100110/bin/../lib/gcc/avr/4.3.3/avr5\libgcc.a(_exit.o)
exit                                              c:/winavr-20100110/bin/../lib/gcc/avr/4.3.3/avr5\libgcc.a(_exit.o)
                                                  c:/winavr-20100110/bin/../lib/gcc/avr/4.3.3/../../../../avr/lib/avr5/crtm328p.o
main                                              main.o
                                                  c:/winavr-20100110/bin/../lib/gcc/avr/4.3.3/../../../../avr/lib/avr5/crtm328p.o
