Archive member included because of file (symbol)

c:/winavr-20100110/bin/../lib/gcc/avr/4.3.3/avr5\libgcc.a(_exit.o)
                              c:/winavr-20100110/bin/../lib/gcc/avr/4.3.3/../../../../avr/lib/avr5/crtm328p.o (exit)
c:/winavr-20100110/bin/../lib/gcc/avr/4.3.3/avr5\libgcc.a(_copy_data.o)
                              nrf24l01p.o (__do_copy_data)
c:/winavr-20100110/bin/../lib/gcc/avr/4.3.3/avr5\libgcc.a(_clear_bss.o)
                              nrf24l01p.o (__do_clear_bss)

Allocating common symbols
Common symbol       size              file

nRF24L01P           0x2b              nrf24l01p.o

Memory Configuration

Name             Origin             Length             Attributes
text             0x00000000         0x00020000         xr
data             0x00800060         0x0000ffa0         rw !x
eeprom           0x00810000         0x00010000         rw !x
fuse             0x00820000         0x00000400         rw !x
lock             0x00830000         0x00000400         rw !x
signature        0x00840000         0x00000400         rw !x
*default*        0x00000000         0xffffffff

Linker script and memory map

Address of section .data set to 0x800100
LOAD c:/winavr-20100110/bin/../lib/gcc/avr/4.3.3/../../../../avr/lib/avr5/crtm328p.o
LOAD main.o
LOAD tasks.o
LOAD nrf24l01p.o
LOAD kernel.o
LOAD debug.o
LOAD c:/winavr-20100110/bin/../lib/gcc/avr/4.3.3/../../../../avr/lib/avr5\libm.a
LOAD c:/winavr-20100110/bin/../lib/gcc/avr/4.3.3/avr5\libgcc.a
LOAD c:/winavr-20100110/bin/../lib/gcc/avr/4.3.3/../../../../avr/lib/avr5\libc.a
LOAD c:/winavr-20100110/bin/../lib/gcc/avr/4.3.3/avr5\libgcc.a

.hash
 *(.hash)

.dynsym
 *(.dynsym)

.dynstr
 *(.dynstr)

.gnu.version
 *(.gnu.version)

.gnu.version_d
 *(.gnu.version_d)

.gnu.version_r
 *(.gnu.version_r)

.rel.init
 *(.rel.init)

.rela.init
 *(.rela.init)

.rel.text
 *(.rel.text)
 *(.rel.text.*)
 *(.rel.gnu.linkonce.t*)

.rela.text
 *(.rela.text)
 *(.rela.text.*)
 *(.rela.gnu.linkonce.t*)

.rel.fini
 *(.rel.fini)

.rela.fini
 *(.rela.fini)

.rel.rodata
 *(.rel.rodata)
 *(.rel.rodata.*)
 *(.rel.gnu.linkonce.r*)

.rela.rodata
 *(.rela.rodata)
 *(.rela.rodata.*)
 *(.rela.gnu.linkonce.r*)

.rel.data
 *(.rel.data)
 *(.rel.data.*)
 *(.rel.gnu.linkonce.d*)

.rela.data
 *(.rela.data)
 *(.rela.data.*)
 *(.rela.gnu.linkonce.d*)

.rel.ctors
 *(.rel.ctors)

.rela.ctors
 *(.rela.ctors)

.rel.dtors
 *(.rel.dtors)

.rela.dtors
 *(.rela.dtors)

.rel.got
 *(.rel.got)

.rela.got
 *(.rela.got)

.rel.bss
 *(.rel.bss)

.rela.bss
 *(.rela.bss)

.rel.plt
 *(.rel.plt)

.rela.plt
 *(.rela.plt)

.text           0x00000000     0x1aee
 *(.vectors)
 .vectors       0x00000000       0x68 c:/winavr-20100110/bin/../lib/gcc/avr/4.3.3/../../../../avr/lib/avr5/crtm328p.o
                0x00000000                __vectors
                0x00000000                __vector_default
 *(.vectors)
 *(.progmem.gcc*)
 *(.progmem*)
                0x00000068                . = ALIGN (0x2)
                0x00000068                __trampolines_start = .
 *(.trampolines)
 .trampolines   0x00000068        0x0 linker stubs
 *(.trampolines*)
                0x00000068                __trampolines_end = .
 *(.jumptables)
 *(.jumptables*)
 *(.lowtext)
 *(.lowtext*)
                0x00000068                __ctors_start = .
 *(.ctors)
                0x00000068                __ctors_end = .
                0x00000068                __dtors_start = .
 *(.dtors)
                0x00000068                __dtors_end = .
 SORT(*)(.ctors)
 SORT(*)(.dtors)
 *(.init0)
 .init0         0x00000068        0x0 c:/winavr-20100110/bin/../lib/gcc/avr/4.3.3/../../../../avr/lib/avr5/crtm328p.o
                0x00000068                __init
 *(.init0)
 *(.init1)
 *(.init1)
 *(.init2)
 .init2         0x00000068        0xc c:/winavr-20100110/bin/../lib/gcc/avr/4.3.3/../../../../avr/lib/avr5/crtm328p.o
 *(.init2)
 *(.init3)
 *(.init3)
 *(.init4)
 .init4         0x00000074       0x16 c:/winavr-20100110/bin/../lib/gcc/avr/4.3.3/avr5\libgcc.a(_copy_data.o)
                0x00000074                __do_copy_data
 .init4         0x0000008a       0x10 c:/winavr-20100110/bin/../lib/gcc/avr/4.3.3/avr5\libgcc.a(_clear_bss.o)
                0x0000008a                __do_clear_bss
 *(.init4)
 *(.init5)
 *(.init5)
 *(.init6)
 *(.init6)
 *(.init7)
 *(.init7)
 *(.init8)
 *(.init8)
 *(.init9)
 .init9         0x0000009a        0x8 c:/winavr-20100110/bin/../lib/gcc/avr/4.3.3/../../../../avr/lib/avr5/crtm328p.o
 *(.init9)
 *(.text)
 .text          0x000000a2        0x4 c:/winavr-20100110/bin/../lib/gcc/avr/4.3.3/../../../../avr/lib/avr5/crtm328p.o
                0x000000a2                __vector_22
                0x000000a2                __vector_1
                0x000000a2                __vector_24
                0x000000a2                __vector_12
                0x000000a2                __bad_interrupt
                0x000000a2                __vector_6
                0x000000a2                __vector_3
                0x000000a2                __vector_23
                0x000000a2                __vector_25
                0x000000a2                __vector_11
                0x000000a2                __vector_13
                0x000000a2                __vector_17
                0x000000a2                __vector_19
                0x000000a2                __vector_5
                0x000000a2                __vector_4
                0x000000a2                __vector_2
                0x000000a2                __vector_21
                0x000000a2                __vector_15
                0x000000a2                __vector_8
                0x000000a2                __vector_14
                0x000000a2                __vector_10
                0x000000a2                __vector_16
                0x000000a2                __vector_18
                0x000000a2                __vector_20
 .text          0x000000a6       0x1c main.o
                0x000000a6                main
 .text          0x000000c2      0x2f0 tasks.o
                0x000001c6                Tasks_Task6
                0x00000170                Tasks_Task7
                0x0000031e                Tasks_Task2
                0x00000272                Tasks_Task4
                0x000000c4                Tasks_Task9
                0x000002c8                Tasks_Task3
                0x0000021c                Tasks_Task5
                0x0000011a                Tasks_Task8
                0x000000c2                Tasks_Disable_Peripherals
                0x00000374                Tasks_Task1
 .text          0x000003b2      0xb58 nrf24l01p.o
                0x00000dfa                nRF24L01P_Init
                0x000009c6                nRF24L01P_Speed_Set
                0x0000047a                nRF24L01P_Set_CSN_DD
                0x00000ae8                nRF24L01P_Own_Addr_Set
                0x00000790                nRF24L01P_Read_Data_Rx_Buf
                0x00000af4                nRF24L01P_Dest_Addr_Set
                0x00000858                nRF24L01P_Mode_Set_DeepSleep
                0x00000b28                nRF24L01P_MaxRetransmission_Set
                0x00000456                nRF24L01P_Set_SCK_DD
                0x00000614                nRF24L01P_SPI_Transfer
                0x00000756                nRF24L01P_Flush_Rx_Buf
                0x000007de                nRF24L01P_Rx_Buf_Not_Empty
                0x00000a58                nRF24L01P_Tx_Power_Set
                0x00000566                nRF24L01P_Error_Set
                0x00000530                nRF24L01P_Error_Clear_Ticks
                0x000005a8                nRF24L01P_Error_Free
                0x00000462                nRF24L01P_Set_MISO_DD
                0x00000572                nRF24L01P_Error_Get_Index
                0x00000afa                nRF24L01P_Dest_Addr_Get
                0x00000b32                nRF24L01P_MaxRetransmission_Get
                0x00000502                nRF24L01P_SPI_Disable
                0x000005b8                nRF24L01P_CRC
                0x000008a8                nRF24L01P_Mode_Set_Rx
                0x00000be4                nRF24L01P_Rx_Basic
                0x00000508                nRF24L01P_Enable
                0x00000b3c                nRF24L01P_Tx_Basic
                0x00000b0a                nRF24L01P_RxTicks_Get
                0x0000090e                nRF24L01P_Mode_Set
                0x0000056c                nRF24L01P_Error_Get
                0x0000057e                nRF24L01P_Error_Timeout
                0x00000cae                nRF24L01P_Tx_With_Ack
                0x00000b1e                nRF24L01P_RxTimeout_Get
                0x000005e4                nRF24L01P_CRC_Block
                0x00000d36                nRF24L01P_Rx_With_Ack
                0x000004c2                nRF24L01P_Set_CE
                0x000004aa                nRF24L01P_Set_MOSI
                0x00000486                nRF24L01P_Set_CE_DD
                0x00000492                nRF24L01P_Set_SCK
                0x0000087a                nRF24L01P_Mode_Set_Sleep
                0x00000738                nRF24L01P_Flush_Tx_Buf
                0x0000053a                nRF24L01P_Error_Clear_Buf
                0x000004f6                nRF24L01P_SPI_Enable
                0x0000051c                nRF24L01P_Disable
                0x0000054a                nRF24L01P_Error_Clear_All
                0x0000052a                nRF24L01P_Error_Clear
                0x00000946                nRF24L01P_Mode_Get
                0x00000aee                nRF24L01P_Own_Addr_Get
                0x0000049e                nRF24L01P_Set_MISO
                0x00000b00                nRF24L01P_RxTicks_Set
                0x000004e0                nRF24L01P_GPIO_Disable
                0x0000046e                nRF24L01P_Set_MOSI_DD
                0x00000774                nRF24L01P_Write_Data_Tx_Buf
                0x000004b6                nRF24L01P_Set_CSN
                0x000004ce                nRF24L01P_GPIO_Enable
                0x000009fe                nRF24L01P_Speed_Get
                0x000008da                nRF24L01P_Mode_Set_Tx
                0x000009a6                nRF24L01P_Channel_Get
                0x00000806                nRF24L01P_Wait_Tx_Complete
                0x00000980                nRF24L01P_Channel_Set
                0x00000ac0                nRF24L01P_Tx_Power_Get
                0x000003b2                nRF24L01P_Struct_Init
                0x00000b14                nRF24L01P_RxTimeout_Set
                0x000006cc                nRF24L01P_ReadModifyWrite_Register
                0x00000646                nRF24L01P_ReadWrite_Register
                0x000007ac                nRF24L01P_Tx_Buf_Empty
 .text          0x00000f0a      0xb24 kernel.o
                0x000012c2                Kernel_Tick_Init
                0x000017f8                Kernel_Task_Constant_Latency
                0x00001a0a                Kernel_Abs_High_Prio_Task_ID_Get
                0x00001a16                Kernel_Tick_Val_Get
                0x00001662                Kernel_Task_Sleep
                0x000019c2                Kernel_Task_Sleep_Time_Get
                0x000019ec                Kernel_Task_Prio_Get
                0x000019a6                Kernel_PreSleep_Hook
                0x000019fc                Kernel_Lowest_Prio_Get
                0x00001a10                Kernel_CPU_Usage_Get
                0x000019e6                Kernel_NTask_Get
                0x00001634                Kernel_Task_Idle
                0x000019ac                Kernel_Clock_Prescale
                0x00001442                Kernel_Start_Tasks
                0x000019d6                Kernel_Task_Status_Get
                0x00000f0a                __vector_7
                0x000015d6                Kernel_Init
                0x000010e6                __vector_9
                0x00001352                Kernel_Task_Create
                0x00001824                Kernel_Task_Constant_Latency_Sleep
                0x00001a02                Kernel_High_Prio_Task_ID_Get
 .text          0x00001a2e       0xbc debug.o
                0x00001a4e                Debug_Tx_Byte
                0x00001a8c                Debug_Tx_Word_Conf
                0x00001adc                Debug_Tx_RAM_Area
                0x00001a2e                Debug_Init
                0x00001a9c                Debug_Tx_DWord_Conf
                0x00001ac4                Debug_Tx_From_RAM
                0x00001a60                Debug_Tx_Word
                0x00001a70                Debug_Tx_Byte_Conf
 .text          0x00001aea        0x0 c:/winavr-20100110/bin/../lib/gcc/avr/4.3.3/avr5\libgcc.a(_exit.o)
 .text          0x00001aea        0x0 c:/winavr-20100110/bin/../lib/gcc/avr/4.3.3/avr5\libgcc.a(_copy_data.o)
 .text          0x00001aea        0x0 c:/winavr-20100110/bin/../lib/gcc/avr/4.3.3/avr5\libgcc.a(_clear_bss.o)
                0x00001aea                . = ALIGN (0x2)
 *(.text.*)
 .text.libgcc   0x00001aea        0x0 c:/winavr-20100110/bin/../lib/gcc/avr/4.3.3/avr5\libgcc.a(_exit.o)
 .text.libgcc   0x00001aea        0x0 c:/winavr-20100110/bin/../lib/gcc/avr/4.3.3/avr5\libgcc.a(_copy_data.o)
 .text.libgcc   0x00001aea        0x0 c:/winavr-20100110/bin/../lib/gcc/avr/4.3.3/avr5\libgcc.a(_clear_bss.o)
                0x00001aea                . = ALIGN (0x2)
 *(.fini9)
 .fini9         0x00001aea        0x0 c:/winavr-20100110/bin/../lib/gcc/avr/4.3.3/avr5\libgcc.a(_exit.o)
                0x00001aea                exit
                0x00001aea                _exit
 *(.fini9)
 *(.fini8)
 *(.fini8)
 *(.fini7)
 *(.fini7)
 *(.fini6)
 *(.fini6)
 *(.fini5)
 *(.fini5)
 *(.fini4)
 *(.fini4)
 *(.fini3)
 *(.fini3)
 *(.fini2)
 *(.fini2)
 *(.fini1)
 *(.fini1)
 *(.fini0)
 .fini0         0x00001aea        0x4 c:/winavr-20100110/bin/../lib/gcc/avr/4.3.3/avr5\libgcc.a(_exit.o)
 *(.fini0)
                0x00001aee                _etext = .

.data           0x00800100        0x6 load address 0x00001aee
                0x00800100                PROVIDE (__data_start, .)
 *(.data)
 .data          0x00800100        0x0 c:/winavr-20100110/bin/../lib/gcc/avr/4.3.3/../../../../avr/lib/avr5/crtm328p.o
 .data          0x00800100        0x0 main.o
 .data          0x00800100        0x0 tasks.o
 .data          0x00800100        0x6 nrf24l01p.o
 .data          0x00800106        0x0 kernel.o
 .data          0x00800106        0x0 debug.o
 .data          0x00800106        0x0 c:/winavr-20100110/bin/../lib/gcc/avr/4.3.3/avr5\libgcc.a(_exit.o)
 .data          0x00800106        0x0 c:/winavr-20100110/bin/../lib/gcc/avr/4.3.3/avr5\libgcc.a(_copy_data.o)
 .data          0x00800106        0x0 c:/winavr-20100110/bin/../lib/gcc/avr/4.3.3/avr5\libgcc.a(_clear_bss.o)
 *(.data*)
 *(.rodata)
 *(.rodata*)
 *(.gnu.linkonce.d*)
                0x00800106                . = ALIGN (0x2)
                0x00800106                _edata = .
                0x00800106                PROVIDE (__data_end, .)

.bss            0x00800106      0x585
                0x00800106                PROVIDE (__bss_start, .)
 *(.bss)
 .bss           0x00800106        0x0 c:/winavr-20100110/bin/../lib/gcc/avr/4.3.3/../../../../avr/lib/avr5/crtm328p.o
 .bss           0x00800106        0x0 main.o
 .bss           0x00800106        0x0 tasks.o
 .bss           0x00800106        0x0 nrf24l01p.o
 .bss           0x00800106      0x55a kernel.o
                0x00800160                KerStack
                0x00800138                KerSchSts
                0x0080012a                KerSSZ
                0x00800116                KerPSP
                0x00800106                KerBase
                0x0080014c                KerSchSlp
                0x00800142                KerSchPr
 .bss           0x00800660        0x0 debug.o
 .bss           0x00800660        0x0 c:/winavr-20100110/bin/../lib/gcc/avr/4.3.3/avr5\libgcc.a(_exit.o)
 .bss           0x00800660        0x0 c:/winavr-20100110/bin/../lib/gcc/avr/4.3.3/avr5\libgcc.a(_copy_data.o)
 .bss           0x00800660        0x0 c:/winavr-20100110/bin/../lib/gcc/avr/4.3.3/avr5\libgcc.a(_clear_bss.o)
 *(.bss*)
 *(COMMON)
 COMMON         0x00800660       0x2b nrf24l01p.o
                0x00800660                nRF24L01P
                0x0080068b                PROVIDE (__bss_end, .)
                0x00001aee                __data_load_start = LOADADDR (.data)
                0x00001af4                __data_load_end = (__data_load_start + SIZEOF (.data))

.noinit         0x0080068b        0x0
                0x0080068b                PROVIDE (__noinit_start, .)
 *(.noinit*)
                0x0080068b                PROVIDE (__noinit_end, .)
                0x0080068b                _end = .
                0x0080068b                PROVIDE (__heap_start, .)

.eeprom         0x00810000        0x0
 *(.eeprom*)
                0x00810000                __eeprom_end = .

.fuse
 *(.fuse)
 *(.lfuse)
 *(.hfuse)
 *(.efuse)

.lock
 *(.lock*)

.signature
 *(.signature*)

.stab           0x00000000      0xe28
 *(.stab)
 .stab          0x00000000      0xad4 kernel.o
 .stab          0x00000ad4      0x354 debug.o
                                0x360 (size before relaxing)

.stabstr        0x00000000       0x6c
 *(.stabstr)
 .stabstr       0x00000000       0x6c kernel.o

.stab.excl
 *(.stab.excl)

.stab.exclstr
 *(.stab.exclstr)

.stab.index
 *(.stab.index)

.stab.indexstr
 *(.stab.indexstr)

.comment
 *(.comment)

.debug
 *(.debug)

.line
 *(.line)

.debug_srcinfo
 *(.debug_srcinfo)

.debug_sfnames
 *(.debug_sfnames)

.debug_aranges  0x00000000       0x60
 *(.debug_aranges)
 .debug_aranges
                0x00000000       0x20 main.o
 .debug_aranges
                0x00000020       0x20 tasks.o
 .debug_aranges
                0x00000040       0x20 nrf24l01p.o

.debug_pubnames
                0x00000000      0x7ba
 *(.debug_pubnames)
 .debug_pubnames
                0x00000000       0x1b main.o
 .debug_pubnames
                0x0000001b       0xc0 tasks.o
 .debug_pubnames
                0x000000db      0x6df nrf24l01p.o

.debug_info     0x00000000     0x17ae
 *(.debug_info)
 .debug_info    0x00000000       0x76 main.o
 .debug_info    0x00000076      0x147 tasks.o
 .debug_info    0x000001bd     0x15f1 nrf24l01p.o
 *(.gnu.linkonce.wi.*)

.debug_abbrev   0x00000000      0x404
 *(.debug_abbrev)
 .debug_abbrev  0x00000000       0x41 main.o
 .debug_abbrev  0x00000041       0x79 tasks.o
 .debug_abbrev  0x000000ba      0x34a nrf24l01p.o

.debug_line     0x00000000     0x1309
 *(.debug_line)
 .debug_line    0x00000000       0x70 main.o
 .debug_line    0x00000070      0x392 tasks.o
 .debug_line    0x00000402      0xf07 nrf24l01p.o

.debug_frame    0x00000000      0x4f0
 *(.debug_frame)
 .debug_frame   0x00000000       0x20 main.o
 .debug_frame   0x00000020       0xb0 tasks.o
 .debug_frame   0x000000d0      0x420 nrf24l01p.o

.debug_str      0x00000000      0x8ec
 *(.debug_str)
 .debug_str     0x00000000       0x9a main.o
                                 0xce (size before relaxing)
 .debug_str     0x0000009a       0x96 tasks.o
                                0x158 (size before relaxing)
 .debug_str     0x00000130      0x7bc nrf24l01p.o
                                0x899 (size before relaxing)

.debug_loc      0x00000000      0x5f7
 *(.debug_loc)
 .debug_loc     0x00000000      0x5f7 nrf24l01p.o

.debug_macinfo
 *(.debug_macinfo)
OUTPUT(main.elf elf32-avr)
LOAD linker stubs

.debug_ranges   0x00000000       0x78
 .debug_ranges  0x00000000       0x78 nrf24l01p.o

Cross Reference Table

Symbol                                            File
Debug_Init                                        debug.o
                                                  tasks.o
Debug_Tx_Byte                                     debug.o
                                                  tasks.o
Debug_Tx_Byte_Conf                                debug.o
Debug_Tx_DWord_Conf                               debug.o
Debug_Tx_From_RAM                                 debug.o
Debug_Tx_RAM_Area                                 debug.o
Debug_Tx_Word                                     debug.o
                                                  tasks.o
Debug_Tx_Word_Conf                                debug.o
KerBase                                           kernel.o
KerPSP                                            kernel.o
KerSSZ                                            kernel.o
KerSchPr                                          kernel.o
KerSchSlp                                         kernel.o
KerSchSts                                         kernel.o
KerStack                                          kernel.o
Kernel_Abs_High_Prio_Task_ID_Get                  kernel.o
                                                  tasks.o
Kernel_CPU_Usage_Get                              kernel.o
Kernel_Clock_Prescale                             kernel.o
Kernel_High_Prio_Task_ID_Get                      kernel.o
Kernel_Init                                       kernel.o
                                                  main.o
Kernel_Lowest_Prio_Get                            kernel.o
                                                  tasks.o
Kernel_NTask_Get                                  kernel.o
Kernel_PreSleep_Hook                              kernel.o
                                                  main.o
Kernel_Start_Tasks                                kernel.o
                                                  main.o
Kernel_Task_Constant_Latency                      kernel.o
Kernel_Task_Constant_Latency_Sleep                kernel.o
Kernel_Task_Create                                kernel.o
                                                  main.o
Kernel_Task_Idle                                  kernel.o
Kernel_Task_Prio_Get                              kernel.o
Kernel_Task_Sleep                                 kernel.o
                                                  tasks.o
Kernel_Task_Sleep_Time_Get                        kernel.o
                                                  tasks.o
Kernel_Task_Status_Get                            kernel.o
                                                  tasks.o
Kernel_Tick_Init                                  kernel.o
Kernel_Tick_Val_Get                               kernel.o
Kernel_Tick_Val_Safely_Get                        kernel.o
Tasks_Disable_Peripherals                         tasks.o
                                                  main.o
Tasks_Task1                                       tasks.o
                                                  main.o
Tasks_Task2                                       tasks.o
Tasks_Task3                                       tasks.o
Tasks_Task4                                       tasks.o
Tasks_Task5                                       tasks.o
Tasks_Task6                                       tasks.o
Tasks_Task7                                       tasks.o
Tasks_Task8                                       tasks.o
Tasks_Task9                                       tasks.o
__bad_interrupt                                   c:/winavr-20100110/bin/../lib/gcc/avr/4.3.3/../../../../avr/lib/avr5/crtm328p.o
__bss_end                                         c:/winavr-20100110/bin/../lib/gcc/avr/4.3.3/avr5\libgcc.a(_clear_bss.o)
__bss_start                                       c:/winavr-20100110/bin/../lib/gcc/avr/4.3.3/avr5\libgcc.a(_clear_bss.o)
__data_end                                        c:/winavr-20100110/bin/../lib/gcc/avr/4.3.3/avr5\libgcc.a(_copy_data.o)
__data_load_start                                 c:/winavr-20100110/bin/../lib/gcc/avr/4.3.3/avr5\libgcc.a(_copy_data.o)
__data_start                                      c:/winavr-20100110/bin/../lib/gcc/avr/4.3.3/avr5\libgcc.a(_copy_data.o)
__do_clear_bss                                    c:/winavr-20100110/bin/../lib/gcc/avr/4.3.3/avr5\libgcc.a(_clear_bss.o)
                                                  nrf24l01p.o
__do_copy_data                                    c:/winavr-20100110/bin/../lib/gcc/avr/4.3.3/avr5\libgcc.a(_copy_data.o)
                                                  nrf24l01p.o
__heap_end                                        c:/winavr-20100110/bin/../lib/gcc/avr/4.3.3/../../../../avr/lib/avr5/crtm328p.o
__init                                            c:/winavr-20100110/bin/../lib/gcc/avr/4.3.3/../../../../avr/lib/avr5/crtm328p.o
__stack                                           c:/winavr-20100110/bin/../lib/gcc/avr/4.3.3/../../../../avr/lib/avr5/crtm328p.o
__vector_1                                        c:/winavr-20100110/bin/../lib/gcc/avr/4.3.3/../../../../avr/lib/avr5/crtm328p.o
__vector_10                                       c:/winavr-20100110/bin/../lib/gcc/avr/4.3.3/../../../../avr/lib/avr5/crtm328p.o
__vector_11                                       c:/winavr-20100110/bin/../lib/gcc/avr/4.3.3/../../../../avr/lib/avr5/crtm328p.o
__vector_12                                       c:/winavr-20100110/bin/../lib/gcc/avr/4.3.3/../../../../avr/lib/avr5/crtm328p.o
__vector_13                                       c:/winavr-20100110/bin/../lib/gcc/avr/4.3.3/../../../../avr/lib/avr5/crtm328p.o
__vector_14                                       c:/winavr-20100110/bin/../lib/gcc/avr/4.3.3/../../../../avr/lib/avr5/crtm328p.o
__vector_15                                       c:/winavr-20100110/bin/../lib/gcc/avr/4.3.3/../../../../avr/lib/avr5/crtm328p.o
__vector_16                                       c:/winavr-20100110/bin/../lib/gcc/avr/4.3.3/../../../../avr/lib/avr5/crtm328p.o
__vector_17                                       c:/winavr-20100110/bin/../lib/gcc/avr/4.3.3/../../../../avr/lib/avr5/crtm328p.o
__vector_18                                       c:/winavr-20100110/bin/../lib/gcc/avr/4.3.3/../../../../avr/lib/avr5/crtm328p.o
__vector_19                                       c:/winavr-20100110/bin/../lib/gcc/avr/4.3.3/../../../../avr/lib/avr5/crtm328p.o
__vector_2                                        c:/winavr-20100110/bin/../lib/gcc/avr/4.3.3/../../../../avr/lib/avr5/crtm328p.o
__vector_20                                       c:/winavr-20100110/bin/../lib/gcc/avr/4.3.3/../../../../avr/lib/avr5/crtm328p.o
__vector_21                                       c:/winavr-20100110/bin/../lib/gcc/avr/4.3.3/../../../../avr/lib/avr5/crtm328p.o
__vector_22                                       c:/winavr-20100110/bin/../lib/gcc/avr/4.3.3/../../../../avr/lib/avr5/crtm328p.o
__vector_23                                       c:/winavr-20100110/bin/../lib/gcc/avr/4.3.3/../../../../avr/lib/avr5/crtm328p.o
__vector_24                                       c:/winavr-20100110/bin/../lib/gcc/avr/4.3.3/../../../../avr/lib/avr5/crtm328p.o
__vector_25                                       c:/winavr-20100110/bin/../lib/gcc/avr/4.3.3/../../../../avr/lib/avr5/crtm328p.o
__vector_3                                        c:/winavr-20100110/bin/../lib/gcc/avr/4.3.3/../../../../avr/lib/avr5/crtm328p.o
__vector_4                                        c:/winavr-20100110/bin/../lib/gcc/avr/4.3.3/../../../../avr/lib/avr5/crtm328p.o
__vector_5                                        c:/winavr-20100110/bin/../lib/gcc/avr/4.3.3/../../../../avr/lib/avr5/crtm328p.o
__vector_6                                        c:/winavr-20100110/bin/../lib/gcc/avr/4.3.3/../../../../avr/lib/avr5/crtm328p.o
__vector_7                                        kernel.o
                                                  c:/winavr-20100110/bin/../lib/gcc/avr/4.3.3/../../../../avr/lib/avr5/crtm328p.o
__vector_8                                        c:/winavr-20100110/bin/../lib/gcc/avr/4.3.3/../../../../avr/lib/avr5/crtm328p.o
__vector_9                                        kernel.o
                                                  c:/winavr-20100110/bin/../lib/gcc/avr/4.3.3/../../../../avr/lib/avr5/crtm328p.o
__vector_default                                  c:/winavr-20100110/bin/../lib/gcc/avr/4.3.3/../../../../avr/lib/avr5/crtm328p.o
__vectors                                         c:/winavr-20100110/bin/../lib/gcc/avr/4.3.3/../../../../avr/lib/avr5/crtm328p.o
_exit                                             c:/winavr-20100110/bin/../lib/gcc/avr/4.3.3/avr5\libgcc.a(_exit.o)
exit                                              c:/winavr-20100110/bin/../lib/gcc/avr/4.3.3/avr5\libgcc.a(_exit.o)
                                                  c:/winavr-20100110/bin/../lib/gcc/avr/4.3.3/../../../../avr/lib/avr5/crtm328p.o
main                                              main.o
                                                  c:/winavr-20100110/bin/../lib/gcc/avr/4.3.3/../../../../avr/lib/avr5/crtm328p.o
nRF24L01P                                         nrf24l01p.o
nRF24L01P_CRC                                     nrf24l01p.o
nRF24L01P_CRC_Block                               nrf24l01p.o
nRF24L01P_Channel_Get                             nrf24l01p.o
nRF24L01P_Channel_Set                             nrf24l01p.o
nRF24L01P_Dest_Addr_Get                           nrf24l01p.o
nRF24L01P_Dest_Addr_Set                           nrf24l01p.o
nRF24L01P_Disable                                 nrf24l01p.o
nRF24L01P_Enable                                  nrf24l01p.o
nRF24L01P_Error_Clear                             nrf24l01p.o
nRF24L01P_Error_Clear_All                         nrf24l01p.o
nRF24L01P_Error_Clear_Buf                         nrf24l01p.o
nRF24L01P_Error_Clear_Ticks                       nrf24l01p.o
nRF24L01P_Error_Free                              nrf24l01p.o
nRF24L01P_Error_Get                               nrf24l01p.o
nRF24L01P_Error_Get_Index                         nrf24l01p.o
nRF24L01P_Error_Set                               nrf24l01p.o
nRF24L01P_Error_Timeout                           nrf24l01p.o
nRF24L01P_Flush_Rx_Buf                            nrf24l01p.o
nRF24L01P_Flush_Tx_Buf                            nrf24l01p.o
nRF24L01P_GPIO_Disable                            nrf24l01p.o
nRF24L01P_GPIO_Enable                             nrf24l01p.o
nRF24L01P_Init                                    nrf24l01p.o
                                                  tasks.o
nRF24L01P_MaxRetransmission_Get                   nrf24l01p.o
nRF24L01P_MaxRetransmission_Set                   nrf24l01p.o
nRF24L01P_Mode_Get                                nrf24l01p.o
nRF24L01P_Mode_Set                                nrf24l01p.o
nRF24L01P_Mode_Set_DeepSleep                      nrf24l01p.o
nRF24L01P_Mode_Set_Rx                             nrf24l01p.o
nRF24L01P_Mode_Set_Sleep                          nrf24l01p.o
nRF24L01P_Mode_Set_Tx                             nrf24l01p.o
nRF24L01P_Own_Addr_Get                            nrf24l01p.o
nRF24L01P_Own_Addr_Set                            nrf24l01p.o
nRF24L01P_ReadModifyWrite_Register                nrf24l01p.o
nRF24L01P_ReadWrite_Register                      nrf24l01p.o
nRF24L01P_Read_Data_Rx_Buf                        nrf24l01p.o
nRF24L01P_RxTicks_Get                             nrf24l01p.o
nRF24L01P_RxTicks_Set                             nrf24l01p.o
nRF24L01P_RxTimeout_Get                           nrf24l01p.o
nRF24L01P_RxTimeout_Set                           nrf24l01p.o
nRF24L01P_Rx_Basic                                nrf24l01p.o
nRF24L01P_Rx_Buf_Not_Empty                        nrf24l01p.o
nRF24L01P_Rx_With_Ack                             nrf24l01p.o
nRF24L01P_SPI_Disable                             nrf24l01p.o
nRF24L01P_SPI_Enable                              nrf24l01p.o
nRF24L01P_SPI_Transfer                            nrf24l01p.o
nRF24L01P_Set_CE                                  nrf24l01p.o
nRF24L01P_Set_CE_DD                               nrf24l01p.o
nRF24L01P_Set_CSN                                 nrf24l01p.o
nRF24L01P_Set_CSN_DD                              nrf24l01p.o
nRF24L01P_Set_MISO                                nrf24l01p.o
nRF24L01P_Set_MISO_DD                             nrf24l01p.o
nRF24L01P_Set_MOSI                                nrf24l01p.o
nRF24L01P_Set_MOSI_DD                             nrf24l01p.o
nRF24L01P_Set_SCK                                 nrf24l01p.o
nRF24L01P_Set_SCK_DD                              nrf24l01p.o
nRF24L01P_Speed_Get                               nrf24l01p.o
nRF24L01P_Speed_Set                               nrf24l01p.o
nRF24L01P_Struct_Init                             nrf24l01p.o
nRF24L01P_Tx_Basic                                nrf24l01p.o
nRF24L01P_Tx_Buf_Empty                            nrf24l01p.o
nRF24L01P_Tx_Power_Get                            nrf24l01p.o
nRF24L01P_Tx_Power_Set                            nrf24l01p.o
nRF24L01P_Tx_With_Ack                             nrf24l01p.o
nRF24L01P_Wait_Tx_Complete                        nrf24l01p.o
nRF24L01P_Write_Data_Tx_Buf                       nrf24l01p.o
