   1               		.file	"main.c"
   2               	__SREG__ = 0x3f
   3               	__SP_H__ = 0x3e
   4               	__SP_L__ = 0x3d
   5               	__CCP__  = 0x34
   6               	__tmp_reg__ = 0
   7               	__zero_reg__ = 1
  15               	.Ltext0:
  16               	.global	task1
  18               	task1:
  19               	.LFB6:
  20               	.LM1:
  21               	/* prologue: function */
  22               	/* frame size = 0 */
  23               	.LM2:
  24 0000 8BB1      		in r24,43-32
  25 0002 90E2      		ldi r25,lo8(32)
  26 0004 8927      		eor r24,r25
  27 0006 8BB9      		out 43-32,r24
  28               	.LBB20:
  29               	.LBB21:
  30               	.LBB22:
  31               	.LBB23:
  32               	.LM3:
  33 0008 80E2      		ldi r24,lo8(20000)
  34 000a 9EE4      		ldi r25,hi8(20000)
  35               	.LVL0:
  36               	/* #APP */
  37               	 ;  105 "c:/winavr-20100110/lib/gcc/../../avr/include/util/delay_basic.h" 1
  38 000c 0197      		1: sbiw r24,1
  39 000e 01F4      		brne 1b
  40               	 ;  0 "" 2
  41               	/* epilogue start */
  42               	/* #NOAPP */
  43               	.LBE23:
  44               	.LBE22:
  45               	.LBE21:
  46               	.LBE20:
  47               	.LM4:
  48 0010 0895      		ret
  49               	.LFE6:
  51               	.global	task2
  53               	task2:
  54               	.LFB7:
  55               	.LM5:
  56               	/* prologue: function */
  57               	/* frame size = 0 */
  58               	.LM6:
  59 0012 8BB1      		in r24,43-32
  60 0014 90E4      		ldi r25,lo8(64)
  61 0016 8927      		eor r24,r25
  62 0018 8BB9      		out 43-32,r24
  63               	.LBB24:
  64               	.LBB25:
  65               	.LBB26:
  66               	.LBB27:
  67               	.LM7:
  68 001a 80E2      		ldi r24,lo8(20000)
  69 001c 9EE4      		ldi r25,hi8(20000)
  70               	.LVL1:
  71               	/* #APP */
  72               	 ;  105 "c:/winavr-20100110/lib/gcc/../../avr/include/util/delay_basic.h" 1
  73 001e 0197      		1: sbiw r24,1
  74 0020 01F4      		brne 1b
  75               	 ;  0 "" 2
  76               	/* epilogue start */
  77               	/* #NOAPP */
  78               	.LBE27:
  79               	.LBE26:
  80               	.LBE25:
  81               	.LBE24:
  82               	.LM8:
  83 0022 0895      		ret
  84               	.LFE7:
  86               	.global	timer0_init
  88               	timer0_init:
  89               	.LFB8:
  90               	.LM9:
  91               	/* prologue: function */
  92               	/* frame size = 0 */
  93               	.LM10:
  94 0024 14BC      		out 68-32,__zero_reg__
  95               	.LM11:
  96 0026 83E0      		ldi r24,lo8(3)
  97 0028 85BD      		out 69-32,r24
  98               	.LM12:
  99 002a 81E0      		ldi r24,lo8(1)
 100 002c 8093 6E00 		sts 110,r24
 101               	.LM13:
 102 0030 16BC      		out 70-32,__zero_reg__
 103               	/* epilogue start */
 104               	.LM14:
 105 0032 0895      		ret
 106               	.LFE8:
 108               	.global	__vector_16
 110               	__vector_16:
 111               	.LFB9:
 112               	.LM15:
 113 0034 1F92      		push __zero_reg__
 114 0036 0F92      		push r0
 115 0038 0FB6      		in r0,__SREG__
 116 003a 0F92      		push r0
 117 003c 1124      		clr __zero_reg__
 118 003e 8F93      		push r24
 119               	/* prologue: Signal */
 120               	/* frame size = 0 */
 121               	.LM16:
 122 0040 81E0      		ldi r24,lo8(1)
 123 0042 8093 0000 		sts task_flag,r24
 124               	/* epilogue start */
 125               	.LM17:
 126 0046 8F91      		pop r24
 127 0048 0F90      		pop r0
 128 004a 0FBE      		out __SREG__,r0
 129 004c 0F90      		pop r0
 130 004e 1F90      		pop __zero_reg__
 131 0050 1895      		reti
 132               	.LFE9:
 134               	.global	main
 136               	main:
 137               	.LFB10:
 138               	.LM18:
 139 0052 0F93      		push r16
 140 0054 1F93      		push r17
 141 0056 CF93      		push r28
 142 0058 DF93      		push r29
 143               	/* prologue: function */
 144               	/* frame size = 0 */
 145               	.LM19:
 146 005a 8AB1      		in r24,42-32
 147 005c 8066      		ori r24,lo8(96)
 148 005e 8AB9      		out 42-32,r24
 149               	.LM20:
 150 0060 8BB1      		in r24,43-32
 151 0062 8F79      		andi r24,lo8(-97)
 152 0064 8BB9      		out 43-32,r24
 153               	.LM21:
 154 0066 80E0      		ldi r24,lo8(gs(task1))
 155 0068 90E0      		ldi r25,hi8(gs(task1))
 156 006a 9093 0000 		sts (current_task)+1,r25
 157 006e 8093 0000 		sts current_task,r24
 158               	.LBB28:
 159               	.LBB29:
 160               	.LM22:
 161 0072 14BC      		out 68-32,__zero_reg__
 162               	.LM23:
 163 0074 83E0      		ldi r24,lo8(3)
 164 0076 85BD      		out 69-32,r24
 165               	.LM24:
 166 0078 81E0      		ldi r24,lo8(1)
 167 007a 8093 6E00 		sts 110,r24
 168               	.LM25:
 169 007e 16BC      		out 70-32,__zero_reg__
 170               	.LBE29:
 171               	.LBE28:
 172               	.LM26:
 173               	/* #APP */
 174               	 ;  41 "main.c" 1
 175 0080 7894      		sei
 176               	 ;  0 "" 2
 177               	.LM27:
 178               	/* #NOAPP */
 179 0082 00E0      		ldi r16,lo8(gs(task1))
 180 0084 10E0      		ldi r17,hi8(gs(task1))
 181               	.LM28:
 182 0086 C0E0      		ldi r28,lo8(gs(task2))
 183 0088 D0E0      		ldi r29,hi8(gs(task2))
 184               	.L12:
 185               	.LM29:
 186 008a 8091 0000 		lds r24,task_flag
 187 008e 8823      		tst r24
 188 0090 01F0      		breq .L10
 189               	.LM30:
 190 0092 1092 0000 		sts task_flag,__zero_reg__
 191               	.LM31:
 192 0096 8091 0000 		lds r24,current_task
 193 009a 9091 0000 		lds r25,(current_task)+1
 194 009e 8050      		subi r24,lo8(gs(task1))
 195 00a0 9040      		sbci r25,hi8(gs(task1))
 196 00a2 01F4      		brne .L11
 197               	.LM32:
 198 00a4 D093 0000 		sts (current_task)+1,r29
 199 00a8 C093 0000 		sts current_task,r28
 200 00ac 00C0      		rjmp .L10
 201               	.L11:
 202               	.LM33:
 203 00ae 1093 0000 		sts (current_task)+1,r17
 204 00b2 0093 0000 		sts current_task,r16
 205               	.L10:
 206               	.LM34:
 207 00b6 E091 0000 		lds r30,current_task
 208 00ba F091 0000 		lds r31,(current_task)+1
 209 00be 0995      		icall
 210 00c0 00C0      		rjmp .L12
 211               	.LFE10:
 213               	.global	task_flag
 214               	.global	task_flag
 215               		.section .bss
 218               	task_flag:
 219 0000 00        		.skip 1,0
 220               		.comm current_task,2,1
 277               	.Letext0:
DEFINED SYMBOLS
                            *ABS*:00000000 main.c
C:\Users\farid\AppData\Local\Temp/ccQjbulu.s:2      *ABS*:0000003f __SREG__
C:\Users\farid\AppData\Local\Temp/ccQjbulu.s:3      *ABS*:0000003e __SP_H__
C:\Users\farid\AppData\Local\Temp/ccQjbulu.s:4      *ABS*:0000003d __SP_L__
C:\Users\farid\AppData\Local\Temp/ccQjbulu.s:5      *ABS*:00000034 __CCP__
C:\Users\farid\AppData\Local\Temp/ccQjbulu.s:6      *ABS*:00000000 __tmp_reg__
C:\Users\farid\AppData\Local\Temp/ccQjbulu.s:7      *ABS*:00000001 __zero_reg__
C:\Users\farid\AppData\Local\Temp/ccQjbulu.s:18     .text:00000000 task1
C:\Users\farid\AppData\Local\Temp/ccQjbulu.s:53     .text:00000012 task2
C:\Users\farid\AppData\Local\Temp/ccQjbulu.s:88     .text:00000024 timer0_init
C:\Users\farid\AppData\Local\Temp/ccQjbulu.s:110    .text:00000034 __vector_16
C:\Users\farid\AppData\Local\Temp/ccQjbulu.s:218    .bss:00000000 task_flag
C:\Users\farid\AppData\Local\Temp/ccQjbulu.s:136    .text:00000052 main
                            *COM*:00000002 current_task

UNDEFINED SYMBOLS
__do_clear_bss
