   1               		.file	"main.c"
   2               	__SREG__ = 0x3f
   3               	__SP_H__ = 0x3e
   4               	__SP_L__ = 0x3d
   5               	__CCP__  = 0x34
   6               	__tmp_reg__ = 0
   7               	__zero_reg__ = 1
  15               	.Ltext0:
  16               	.global	main
  18               	main:
  19               	.LFB6:
  20               	.LM1:
  21               	/* prologue: function */
  22               	/* frame size = 0 */
  23               	.LM2:
  24 0000 88EE      		ldi r24,lo8(1000)
  25 0002 93E0      		ldi r25,hi8(1000)
  26 0004 0E94 0000 		call Kernel_SysTick_Reg_Init
  27               	.LM3:
  28 0008 80E0      		ldi r24,lo8(gs(Tasks_Task0))
  29 000a 90E0      		ldi r25,hi8(gs(Tasks_Task0))
  30 000c 60E0      		ldi r22,lo8(0)
  31 000e 40E0      		ldi r20,lo8(0)
  32 0010 0E94 0000 		call Kernel_Task0_Init_Arg
  33               	.LM4:
  34 0014 80E0      		ldi r24,lo8(gs(Tasks_Task1))
  35 0016 90E0      		ldi r25,hi8(gs(Tasks_Task1))
  36 0018 61E0      		ldi r22,lo8(1)
  37 001a 40E0      		ldi r20,lo8(0)
  38 001c 0E94 0000 		call Kernel_Task1_Init_Arg
  39               	.L2:
  40 0020 00C0      		rjmp .L2
  41               	.LFE6:
  67               	.Letext0:
DEFINED SYMBOLS
                            *ABS*:00000000 main.c
C:\Users\WALTON\AppData\Local\Temp/ccggjRwd.s:2      *ABS*:0000003f __SREG__
C:\Users\WALTON\AppData\Local\Temp/ccggjRwd.s:3      *ABS*:0000003e __SP_H__
C:\Users\WALTON\AppData\Local\Temp/ccggjRwd.s:4      *ABS*:0000003d __SP_L__
C:\Users\WALTON\AppData\Local\Temp/ccggjRwd.s:5      *ABS*:00000034 __CCP__
C:\Users\WALTON\AppData\Local\Temp/ccggjRwd.s:6      *ABS*:00000000 __tmp_reg__
C:\Users\WALTON\AppData\Local\Temp/ccggjRwd.s:7      *ABS*:00000001 __zero_reg__
C:\Users\WALTON\AppData\Local\Temp/ccggjRwd.s:18     .text:00000000 main

UNDEFINED SYMBOLS
Kernel_SysTick_Reg_Init
Tasks_Task0
Kernel_Task0_Init_Arg
Tasks_Task1
Kernel_Task1_Init_Arg
