   1               		.file	"states.c"
   2               	__SREG__ = 0x3f
   3               	__SP_H__ = 0x3e
   4               	__SP_L__ = 0x3d
   5               	__CCP__  = 0x34
   6               	__tmp_reg__ = 0
   7               	__zero_reg__ = 1
  15               	.Ltext0:
  16               	.global	init_stack
  18               	init_stack:
  19               	.LFB2:
  20               	.LM1:
  21               	.LVL0:
  22 0000 CF93      		push r28
  23 0002 DF93      		push r29
  24               	/* prologue: function */
  25               	/* frame size = 0 */
  26 0004 EC01      		movw r28,r24
  27               	.LM2:
  28 0006 FB01      		movw r30,r22
  29               	.LVL1:
  30 0008 E158      		subi r30,lo8(-(127))
  31 000a FF4F      		sbci r31,hi8(-(127))
  32               	.LM3:
  33 000c 4083      		st Z,r20
  34               	.LM4:
  35 000e 5293      		st -Z,r21
  36               	.LVL2:
  37               	.LM5:
  38 0010 80E8      		ldi r24,lo8(-128)
  39               	.LVL3:
  40 0012 8293      		st -Z,r24
  41 0014 3197      		sbiw r30,1
  42               	.LVL4:
  43 0016 DF01      		movw r26,r30
  44               	.LBB2:
  45               	.LM6:
  46 0018 645A      		subi r22,lo8(-(92))
  47 001a 7F4F      		sbci r23,hi8(-(92))
  48               	.LVL5:
  49               	.L2:
  50               	.LM7:
  51 001c 1C92      		st X,__zero_reg__
  52 001e 1197      		sbiw r26,1
  53               	.LM8:
  54 0020 A617      		cp r26,r22
  55 0022 B707      		cpc r27,r23
  56 0024 01F4      		brne .L2
  57               	.LBE2:
  58               	.LM9:
  59 0026 7F97      		sbiw r30,31
  60               	.LVL6:
  61 0028 F983      		std Y+1,r31
  62 002a E883      		st Y,r30
  63               	/* epilogue start */
  64               	.LM10:
  65 002c DF91      		pop r29
  66 002e CF91      		pop r28
  67               	.LVL7:
  68 0030 0895      		ret
  69               	.LFE2:
  71               	.global	task_switch
  73               	task_switch:
  74               	.LFB3:
  75               	.LM11:
  76               	/* prologue: function */
  77               	/* frame size = 0 */
  78               	.LM12:
  79               	/* #APP */
  80               	 ;  29 "states.c" 1
  81 0032 0F92      		push r0               
  82 0034 0FB6      		in   r0, __SREG__     
  83 0036 F894      		cli                   
  84 0038 0F92      		push r0               
  85 003a 1F92      		push r1               
  86 003c 1124      		clr  r1               
  87 003e 2F92      		push r2               
  88 0040 3F92      		push r3               
  89 0042 4F92      		push r4               
  90 0044 5F92      		push r5               
  91 0046 6F92      		push r6               
  92 0048 7F92      		push r7               
  93 004a 8F92      		push r8               
  94 004c 9F92      		push r9               
  95 004e AF92      		push r10              
  96 0050 BF92      		push r11              
  97 0052 CF92      		push r12              
  98 0054 DF92      		push r13              
  99 0056 EF92      		push r14              
 100 0058 FF92      		push r15              
 101 005a 0F93      		push r16              
 102 005c 1F93      		push r17              
 103 005e 2F93      		push r18              
 104 0060 3F93      		push r19              
 105 0062 4F93      		push r20              
 106 0064 5F93      		push r21              
 107 0066 6F93      		push r22              
 108 0068 7F93      		push r23              
 109 006a 8F93      		push r24              
 110 006c 9F93      		push r25              
 111 006e AF93      		push r26              
 112 0070 BF93      		push r27              
 113 0072 CF93      		push r28              
 114 0074 DF93      		push r29              
 115 0076 EF93      		push r30              
 116 0078 FF93      		push r31              
 117 007a ADB7      		in   r26, __SP_L__    
 118 007c BEB7      		in   r27, __SP_H__    
 119 007e A093 0000 		sts  currentTask + 0, r26 
 120 0082 B093 0000 		sts  currentTask + 1, r27 
 121               		
 122               	 ;  0 "" 2
 123               	.LM13:
 124               	/* #NOAPP */
 125 0086 2091 0000 		lds r18,currentTask
 126 008a 3091 0000 		lds r19,(currentTask)+1
 127               	.LVL8:
 128               	.LM14:
 129 008e 8091 0000 		lds r24,nextTask
 130 0092 9091 0000 		lds r25,(nextTask)+1
 131 0096 9093 0000 		sts (currentTask)+1,r25
 132 009a 8093 0000 		sts currentTask,r24
 133               	.LM15:
 134 009e 3093 0000 		sts (nextTask)+1,r19
 135 00a2 2093 0000 		sts nextTask,r18
 136               	.LM16:
 137               	/* #APP */
 138               	 ;  36 "states.c" 1
 139 00a6 A091 0000 		lds  r26, nextTask + 0    
 140 00aa B091 0000 		lds  r27, nextTask + 1    
 141 00ae ADBF      		out  __SP_L__, r26        
 142 00b0 BEBF      		out  __SP_H__, r27        
 143 00b2 FF91      		pop  r31                  
 144 00b4 EF91      		pop  r30                  
 145 00b6 DF91      		pop  r29                  
 146 00b8 CF91      		pop  r28                  
 147 00ba BF91      		pop  r27                  
 148 00bc AF91      		pop  r26                  
 149 00be 9F91      		pop  r25                  
 150 00c0 8F91      		pop  r24                  
 151 00c2 7F91      		pop  r23                  
 152 00c4 6F91      		pop  r22                  
 153 00c6 5F91      		pop  r21                  
 154 00c8 4F91      		pop  r20                  
 155 00ca 3F91      		pop  r19                  
 156 00cc 2F91      		pop  r18                  
 157 00ce 1F91      		pop  r17                  
 158 00d0 0F91      		pop  r16                  
 159 00d2 FF90      		pop  r15                  
 160 00d4 EF90      		pop  r14                  
 161 00d6 DF90      		pop  r13                  
 162 00d8 CF90      		pop  r12                  
 163 00da BF90      		pop  r11                  
 164 00dc AF90      		pop  r10                  
 165 00de 9F90      		pop  r9                   
 166 00e0 8F90      		pop  r8                   
 167 00e2 7F90      		pop  r7                   
 168 00e4 6F90      		pop  r6                   
 169 00e6 5F90      		pop  r5                   
 170 00e8 4F90      		pop  r4                   
 171 00ea 3F90      		pop  r3                   
 172 00ec 2F90      		pop  r2                   
 173 00ee 1F90      		pop  r1                   
 174 00f0 0F90      		pop  r0                   
 175 00f2 0FBE      		out  __SREG__, r0         
 176 00f4 0F90      		pop  r0                   
 177               		
 178               	 ;  0 "" 2
 179               	/* epilogue start */
 180               	.LM17:
 181               	/* #NOAPP */
 182 00f6 0895      		ret
 183               	.LFE3:
 185               		.comm task1_stack,128,1
 186               		.comm task2_stack,128,1
 187               		.comm task1_tcb,2,1
 188               		.comm task2_tcb,2,1
 189               		.comm currentTask,2,1
 190               		.comm nextTask,2,1
 223               	.Letext0:
DEFINED SYMBOLS
                            *ABS*:00000000 states.c
C:\Users\farid\AppData\Local\Temp/cccrczjt.s:2      *ABS*:0000003f __SREG__
C:\Users\farid\AppData\Local\Temp/cccrczjt.s:3      *ABS*:0000003e __SP_H__
C:\Users\farid\AppData\Local\Temp/cccrczjt.s:4      *ABS*:0000003d __SP_L__
C:\Users\farid\AppData\Local\Temp/cccrczjt.s:5      *ABS*:00000034 __CCP__
C:\Users\farid\AppData\Local\Temp/cccrczjt.s:6      *ABS*:00000000 __tmp_reg__
C:\Users\farid\AppData\Local\Temp/cccrczjt.s:7      *ABS*:00000001 __zero_reg__
C:\Users\farid\AppData\Local\Temp/cccrczjt.s:18     .text:00000000 init_stack
C:\Users\farid\AppData\Local\Temp/cccrczjt.s:73     .text:00000032 task_switch
                            *COM*:00000002 currentTask
                            *COM*:00000002 nextTask
                            *COM*:00000080 task1_stack
                            *COM*:00000080 task2_stack
                            *COM*:00000002 task1_tcb
                            *COM*:00000002 task2_tcb

UNDEFINED SYMBOLS
__do_clear_bss
