   1               		.file	"systick.c"
   2               	__SREG__ = 0x3f
   3               	__SP_H__ = 0x3e
   4               	__SP_L__ = 0x3d
   5               	__CCP__  = 0x34
   6               	__tmp_reg__ = 0
   7               	__zero_reg__ = 1
  15               	.Ltext0:
  16               	.global	SysTick_Struct_Init
  18               	SysTick_Struct_Init:
  19               	.LFB6:
  20               	.LM1:
  21               	/* prologue: function */
  22               	/* frame size = 0 */
  23               	.LM2:
  24 0000 1092 0000 		sts (SysTick)+1,__zero_reg__
  25 0004 1092 0000 		sts SysTick,__zero_reg__
  26               	.LM3:
  27 0008 1092 0000 		sts (SysTick+2)+1,__zero_reg__
  28 000c 1092 0000 		sts SysTick+2,__zero_reg__
  29               	.LM4:
  30 0010 1092 0000 		sts (SysTick+4)+1,__zero_reg__
  31 0014 1092 0000 		sts SysTick+4,__zero_reg__
  32               	/* epilogue start */
  33               	.LM5:
  34 0018 0895      		ret
  35               	.LFE6:
  37               	.global	SysTick_Reg_Init
  39               	SysTick_Reg_Init:
  40               	.LFB7:
  41               	.LM6:
  42               	.LVL0:
  43 001a 8F92      		push r8
  44 001c 9F92      		push r9
  45 001e BF92      		push r11
  46 0020 CF92      		push r12
  47 0022 DF92      		push r13
  48 0024 EF92      		push r14
  49 0026 FF92      		push r15
  50 0028 0F93      		push r16
  51 002a 1F93      		push r17
  52 002c DF93      		push r29
  53 002e CF93      		push r28
  54 0030 CDB7      		in r28,__SP_L__
  55 0032 DEB7      		in r29,__SP_H__
  56 0034 2A97      		sbiw r28,10
  57 0036 0FB6      		in __tmp_reg__,__SREG__
  58 0038 F894      		cli
  59 003a DEBF      		out __SP_H__,r29
  60 003c 0FBE      		out __SREG__,__tmp_reg__
  61 003e CDBF      		out __SP_L__,r28
  62               	/* prologue: function */
  63               	/* frame size = 10 */
  64 0040 4C01      		movw r8,r24
  65               	.LM7:
  66 0042 DE01      		movw r26,r28
  67 0044 1196      		adiw r26,1
  68 0046 E0E0      		ldi r30,lo8(C.0.1307)
  69 0048 F0E0      		ldi r31,hi8(C.0.1307)
  70 004a 8AE0      		ldi r24,lo8(10)
  71               	.LVL1:
  72               	.L4:
  73 004c 0190      		ld r0,Z+
  74 004e 0D92      		st X+,r0
  75 0050 8150      		subi r24,lo8(-(-1))
  76 0052 01F4      		brne .L4
  77               	.LM8:
  78 0054 9401      		movw r18,r8
  79 0056 40E0      		ldi r20,lo8(0)
  80 0058 50E0      		ldi r21,hi8(0)
  81               	.LVL2:
  82 005a 60E0      		ldi r22,lo8(12000000)
  83 005c 7BE1      		ldi r23,hi8(12000000)
  84 005e 87EB      		ldi r24,hlo8(12000000)
  85 0060 90E0      		ldi r25,hhi8(12000000)
  86 0062 0E94 0000 		call __divmodsi4
  87 0066 B22E      		mov r11,r18
  88 0068 C32E      		mov r12,r19
  89 006a D42E      		mov r13,r20
  90               	.LVL3:
  91 006c 052F      		mov r16,r21
  92 006e 7E01      		movw r14,r28
  93 0070 0894      		sec
  94 0072 E11C      		adc r14,__zero_reg__
  95 0074 F11C      		adc r15,__zero_reg__
  96 0076 C901      		movw r24,r18
  97 0078 DA01      		movw r26,r20
  98 007a 9C01      		movw r18,r24
  99 007c AD01      		movw r20,r26
 100               	.LVL4:
 101 007e 10E0      		ldi r17,lo8(0)
 102               	.LVL5:
 103 0080 00C0      		rjmp .L5
 104               	.LVL6:
 105               	.L7:
 106               	.LM9:
 107 0082 F701      		movw r30,r14
 108 0084 2191      		ld r18,Z+
 109 0086 3191      		ld r19,Z+
 110               	.LVL7:
 111 0088 7F01      		movw r14,r30
 112 008a 40E0      		ldi r20,lo8(0)
 113 008c 50E0      		ldi r21,hi8(0)
 114 008e 6B2D      		mov r22,r11
 115 0090 7C2D      		mov r23,r12
 116 0092 8D2D      		mov r24,r13
 117               	.LVL8:
 118 0094 902F      		mov r25,r16
 119 0096 0E94 0000 		call __divmodsi4
 120 009a C901      		movw r24,r18
 121 009c DA01      		movw r26,r20
 122 009e 9C01      		movw r18,r24
 123 00a0 AD01      		movw r20,r26
 124               	.LVL9:
 125               	.LM10:
 126 00a2 1F5F      		subi r17,lo8(-(1))
 127               	.LM11:
 128 00a4 1530      		cpi r17,lo8(5)
 129 00a6 01F0      		breq .L6
 130               	.LVL10:
 131               	.L5:
 132               	.LM12:
 133 00a8 2F3F      		cpi r18,lo8(255)
 134 00aa 3105      		cpc r19,__zero_reg__
 135 00ac 4105      		cpc r20,__zero_reg__
 136 00ae 5105      		cpc r21,__zero_reg__
 137 00b0 01F0      		breq .+2
 138 00b2 04F4      		brge .L7
 139               	.L6:
 140               	.LM13:
 141 00b4 812F      		mov r24,r17
 142 00b6 8150      		subi r24,lo8(-(-1))
 143               	.LVL11:
 144               	.LM14:
 145 00b8 14BC      		out 68-32,__zero_reg__
 146               	.LM15:
 147 00ba 15BC      		out 69-32,__zero_reg__
 148               	.LM16:
 149 00bc 1092 6E00 		sts 110,__zero_reg__
 150               	.LM17:
 151 00c0 15BA      		out 53-32,__zero_reg__
 152               	.LM18:
 153 00c2 17BC      		out 71-32,__zero_reg__
 154               	.LM19:
 155 00c4 18BC      		out 72-32,__zero_reg__
 156               	.LM20:
 157 00c6 16BC      		out 70-32,__zero_reg__
 158               	.LM21:
 159 00c8 17BC      		out 71-32,__zero_reg__
 160               	.LM22:
 161 00ca 8823      		tst r24
 162 00cc 01F4      		brne .L8
 163               	.LM23:
 164 00ce 81E0      		ldi r24,lo8(1)
 165               	.LVL12:
 166 00d0 00C0      		rjmp .L15
 167               	.LVL13:
 168               	.L8:
 169               	.LM24:
 170 00d2 8130      		cpi r24,lo8(1)
 171 00d4 01F4      		brne .L10
 172               	.LM25:
 173 00d6 82E0      		ldi r24,lo8(2)
 174               	.LVL14:
 175 00d8 00C0      		rjmp .L15
 176               	.LVL15:
 177               	.L10:
 178               	.LM26:
 179 00da 8230      		cpi r24,lo8(2)
 180 00dc 01F4      		brne .L11
 181               	.LM27:
 182 00de 83E0      		ldi r24,lo8(3)
 183               	.LVL16:
 184 00e0 00C0      		rjmp .L15
 185               	.LVL17:
 186               	.L11:
 187               	.LM28:
 188 00e2 8330      		cpi r24,lo8(3)
 189 00e4 01F4      		brne .L12
 190               	.LM29:
 191 00e6 84E0      		ldi r24,lo8(4)
 192               	.LVL18:
 193 00e8 00C0      		rjmp .L15
 194               	.LVL19:
 195               	.L12:
 196               	.LM30:
 197 00ea 8430      		cpi r24,lo8(4)
 198 00ec 01F4      		brne .L9
 199               	.LM31:
 200 00ee 85E0      		ldi r24,lo8(5)
 201               	.LVL20:
 202               	.L15:
 203 00f0 85BD      		out 69-32,r24
 204               	.LVL21:
 205               	.L9:
 206               	.LM32:
 207 00f2 8FEF      		ldi r24,lo8(255)
 208 00f4 90E0      		ldi r25,hi8(255)
 209               	.LVL22:
 210 00f6 821B      		sub r24,r18
 211 00f8 930B      		sbc r25,r19
 212 00fa 9093 0000 		sts (SysTick+2)+1,r25
 213 00fe 8093 0000 		sts SysTick+2,r24
 214               	.LM33:
 215 0102 8091 0000 		lds r24,SysTick+2
 216 0106 9091 0000 		lds r25,(SysTick+2)+1
 217 010a 86BD      		out 70-32,r24
 218               	.LM34:
 219 010c 81E0      		ldi r24,lo8(1)
 220 010e 8093 6E00 		sts 110,r24
 221               	.LM35:
 222               	/* #APP */
 223               	 ;  76 "systick.c" 1
 224 0112 7894      		sei
 225               	 ;  0 "" 2
 226               	.LM36:
 227               	/* #NOAPP */
 228 0114 9092 0000 		sts (SysTick+4)+1,r9
 229 0118 8092 0000 		sts SysTick+4,r8
 230               	/* epilogue start */
 231               	.LM37:
 232 011c 2A96      		adiw r28,10
 233 011e 0FB6      		in __tmp_reg__,__SREG__
 234 0120 F894      		cli
 235 0122 DEBF      		out __SP_H__,r29
 236 0124 0FBE      		out __SREG__,__tmp_reg__
 237 0126 CDBF      		out __SP_L__,r28
 238 0128 CF91      		pop r28
 239 012a DF91      		pop r29
 240 012c 1F91      		pop r17
 241 012e 0F91      		pop r16
 242 0130 FF90      		pop r15
 243 0132 EF90      		pop r14
 244 0134 DF90      		pop r13
 245 0136 CF90      		pop r12
 246 0138 BF90      		pop r11
 247 013a 9F90      		pop r9
 248 013c 8F90      		pop r8
 249               	.LVL23:
 250 013e 0895      		ret
 251               	.LFE7:
 253               	.global	SysTick_Init
 255               	SysTick_Init:
 256               	.LFB9:
 257               	.LM38:
 258               	.LVL24:
 259               	/* prologue: function */
 260               	/* frame size = 0 */
 261               	.LBB6:
 262               	.LBB7:
 263               	.LM39:
 264 0140 1092 0000 		sts (SysTick)+1,__zero_reg__
 265 0144 1092 0000 		sts SysTick,__zero_reg__
 266               	.LM40:
 267 0148 1092 0000 		sts (SysTick+2)+1,__zero_reg__
 268 014c 1092 0000 		sts SysTick+2,__zero_reg__
 269               	.LM41:
 270 0150 1092 0000 		sts (SysTick+4)+1,__zero_reg__
 271 0154 1092 0000 		sts SysTick+4,__zero_reg__
 272               	.LBE7:
 273               	.LBE6:
 274               	.LM42:
 275 0158 0E94 0000 		call SysTick_Reg_Init
 276               	.LVL25:
 277               	/* epilogue start */
 278               	.LM43:
 279 015c 0895      		ret
 280               	.LFE9:
 282               	.global	SysTick_ISR_Executables
 284               	SysTick_ISR_Executables:
 285               	.LFB8:
 286               	.LM44:
 287               	/* prologue: function */
 288               	/* frame size = 0 */
 289               	.LM45:
 290 015e 0E94 0000 		call switch_task
 291               	/* epilogue start */
 292               	.LM46:
 293 0162 0895      		ret
 294               	.LFE8:
 296               	.global	__vector_16
 298               	__vector_16:
 299               	.LFB10:
 300               	.LM47:
 301 0164 1F92      		push __zero_reg__
 302 0166 0F92      		push r0
 303 0168 0FB6      		in r0,__SREG__
 304 016a 0F92      		push r0
 305 016c 1124      		clr __zero_reg__
 306 016e 2F93      		push r18
 307 0170 3F93      		push r19
 308 0172 4F93      		push r20
 309 0174 5F93      		push r21
 310 0176 6F93      		push r22
 311 0178 7F93      		push r23
 312 017a 8F93      		push r24
 313 017c 9F93      		push r25
 314 017e AF93      		push r26
 315 0180 BF93      		push r27
 316 0182 EF93      		push r30
 317 0184 FF93      		push r31
 318               	/* prologue: Signal */
 319               	/* frame size = 0 */
 320               	.LM48:
 321 0186 8091 0000 		lds r24,SysTick+2
 322 018a 9091 0000 		lds r25,(SysTick+2)+1
 323 018e 86BD      		out 70-32,r24
 324               	.LBB8:
 325               	.LBB9:
 326               	.LM49:
 327 0190 0E94 0000 		call switch_task
 328               	/* epilogue start */
 329               	.LBE9:
 330               	.LBE8:
 331               	.LM50:
 332 0194 FF91      		pop r31
 333 0196 EF91      		pop r30
 334 0198 BF91      		pop r27
 335 019a AF91      		pop r26
 336 019c 9F91      		pop r25
 337 019e 8F91      		pop r24
 338 01a0 7F91      		pop r23
 339 01a2 6F91      		pop r22
 340 01a4 5F91      		pop r21
 341 01a6 4F91      		pop r20
 342 01a8 3F91      		pop r19
 343 01aa 2F91      		pop r18
 344 01ac 0F90      		pop r0
 345 01ae 0FBE      		out __SREG__,r0
 346 01b0 0F90      		pop r0
 347 01b2 1F90      		pop __zero_reg__
 348 01b4 1895      		reti
 349               	.LFE10:
 351               		.data
 354               	C.0.1307:
 355 0000 0100      		.word	1
 356 0002 0800      		.word	8
 357 0004 4000      		.word	64
 358 0006 0001      		.word	256
 359 0008 0004      		.word	1024
 360               		.comm SysTick,6,1
 417               	.Letext0:
DEFINED SYMBOLS
                            *ABS*:00000000 systick.c
C:\Users\farid\AppData\Local\Temp/ccudN6le.s:2      *ABS*:0000003f __SREG__
C:\Users\farid\AppData\Local\Temp/ccudN6le.s:3      *ABS*:0000003e __SP_H__
C:\Users\farid\AppData\Local\Temp/ccudN6le.s:4      *ABS*:0000003d __SP_L__
C:\Users\farid\AppData\Local\Temp/ccudN6le.s:5      *ABS*:00000034 __CCP__
C:\Users\farid\AppData\Local\Temp/ccudN6le.s:6      *ABS*:00000000 __tmp_reg__
C:\Users\farid\AppData\Local\Temp/ccudN6le.s:7      *ABS*:00000001 __zero_reg__
C:\Users\farid\AppData\Local\Temp/ccudN6le.s:18     .text:00000000 SysTick_Struct_Init
                            *COM*:00000006 SysTick
C:\Users\farid\AppData\Local\Temp/ccudN6le.s:39     .text:0000001a SysTick_Reg_Init
C:\Users\farid\AppData\Local\Temp/ccudN6le.s:354    .data:00000000 C.0.1307
C:\Users\farid\AppData\Local\Temp/ccudN6le.s:255    .text:00000140 SysTick_Init
C:\Users\farid\AppData\Local\Temp/ccudN6le.s:284    .text:0000015e SysTick_ISR_Executables
C:\Users\farid\AppData\Local\Temp/ccudN6le.s:298    .text:00000164 __vector_16

UNDEFINED SYMBOLS
__divmodsi4
switch_task
__do_copy_data
__do_clear_bss
